
> project_ara@0.0.0 build
> tsc -b && vite build

src/components/common/TranslateButton.tsx(114,55): error TS2769: No overload matches this call.
  Overload 1 of 2, '(relation: "progress" | "admins" | "banned_words" | "categories" | "chat_user_state" | "chats" | "consent_documents" | "countries" | "creditcard" | "culture_note" | "culture_note_contents" | ... 36 more ... | "reports"): PostgrestQueryBuilder<...>', gave the following error.
    Argument of type '"translations"' is not assignable to parameter of type '"progress" | "admins" | "banned_words" | "categories" | "chat_user_state" | "chats" | "consent_documents" | "countries" | "creditcard" | "culture_note" | "culture_note_contents" | ... 36 more ... | "reports"'.
  Overload 2 of 2, '(relation: "post_like_counts"): PostgrestQueryBuilder<{ PostgrestVersion: "13.0.4"; }, { Tables: Merge<{ admins: { Row: { created_at: string; user_id: string; }; Insert: { created_at?: string | undefined; user_id: string; }; Update: { ...; }; Relationships: []; }; ... 44 more ...; tts_cache: { ...; }; }, AugmentedTables>; Views: { ...; }; Functions: { ...; }; Enums: { ...; }; CompositeTypes: {}; }, { ...; }, "post_like_counts", [...]>', gave the following error.
    Argument of type '"translations"' is not assignable to parameter of type '"post_like_counts"'.
src/components/common/TranslateButton.tsx(162,30): error TS2769: No overload matches this call.
  Overload 1 of 2, '(relation: "progress" | "admins" | "banned_words" | "categories" | "chat_user_state" | "chats" | "consent_documents" | "countries" | "creditcard" | "culture_note" | "culture_note_contents" | ... 36 more ... | "reports"): PostgrestQueryBuilder<...>', gave the following error.
    Argument of type '"translations"' is not assignable to parameter of type '"progress" | "admins" | "banned_words" | "categories" | "chat_user_state" | "chats" | "consent_documents" | "countries" | "creditcard" | "culture_note" | "culture_note_contents" | ... 36 more ... | "reports"'.
  Overload 2 of 2, '(relation: "post_like_counts"): PostgrestQueryBuilder<{ PostgrestVersion: "13.0.4"; }, { Tables: Merge<{ admins: { Row: { created_at: string; user_id: string; }; Insert: { created_at?: string | undefined; user_id: string; }; Update: { ...; }; Relationships: []; }; ... 44 more ...; tts_cache: { ...; }; }, AugmentedTables>; Views: { ...; }; Functions: { ...; }; Enums: { ...; }; CompositeTypes: {}; }, { ...; }, "post_like_counts", [...]>', gave the following error.
    Argument of type '"translations"' is not assignable to parameter of type '"post_like_counts"'.
src/components/study/MatchingQuizModal.tsx(190,30): error TS2769: No overload matches this call.
  Overload 1 of 2, '(relation: "progress" | "admins" | "banned_words" | "categories" | "chat_user_state" | "chats" | "consent_documents" | "countries" | "creditcard" | "culture_note" | "culture_note_contents" | ... 36 more ... | "reports"): PostgrestQueryBuilder<...>', gave the following error.
    Argument of type '"user_voca"' is not assignable to parameter of type '"progress" | "admins" | "banned_words" | "categories" | "chat_user_state" | "chats" | "consent_documents" | "countries" | "creditcard" | "culture_note" | "culture_note_contents" | ... 36 more ... | "reports"'.
  Overload 2 of 2, '(relation: "post_like_counts"): PostgrestQueryBuilder<{ PostgrestVersion: "13.0.4"; }, { Tables: Merge<{ admins: { Row: { created_at: string; user_id: string; }; Insert: { created_at?: string | undefined; user_id: string; }; Update: { ...; }; Relationships: []; }; ... 44 more ...; tts_cache: { ...; }; }, AugmentedTables>; Views: { ...; }; Functions: { ...; }; Enums: { ...; }; CompositeTypes: {}; }, { ...; }, "post_like_counts", [...]>', gave the following error.
    Argument of type '"user_voca"' is not assignable to parameter of type '"post_like_counts"'.
src/components/study/MatchingQuizModal.tsx(203,28): error TS2769: No overload matches this call.
  Overload 1 of 2, '(relation: "progress" | "admins" | "banned_words" | "categories" | "chat_user_state" | "chats" | "consent_documents" | "countries" | "creditcard" | "culture_note" | "culture_note_contents" | ... 36 more ... | "reports"): PostgrestQueryBuilder<...>', gave the following error.
    Argument of type '"quiz_results"' is not assignable to parameter of type '"progress" | "admins" | "banned_words" | "categories" | "chat_user_state" | "chats" | "consent_documents" | "countries" | "creditcard" | "culture_note" | "culture_note_contents" | ... 36 more ... | "reports"'.
  Overload 2 of 2, '(relation: "post_like_counts"): PostgrestQueryBuilder<{ PostgrestVersion: "13.0.4"; }, { Tables: Merge<{ admins: { Row: { created_at: string; user_id: string; }; Insert: { created_at?: string | undefined; user_id: string; }; Update: { ...; }; Relationships: []; }; ... 44 more ...; tts_cache: { ...; }; }, AugmentedTables>; Views: { ...; }; Functions: { ...; }; Enums: { ...; }; CompositeTypes: {}; }, { ...; }, "post_like_counts", [...]>', gave the following error.
    Argument of type '"quiz_results"' is not assignable to parameter of type '"post_like_counts"'.
src/components/study/McqQuizModal.tsx(164,30): error TS2769: No overload matches this call.
  Overload 1 of 2, '(relation: "progress" | "admins" | "banned_words" | "categories" | "chat_user_state" | "chats" | "consent_documents" | "countries" | "creditcard" | "culture_note" | "culture_note_contents" | ... 36 more ... | "reports"): PostgrestQueryBuilder<...>', gave the following error.
    Argument of type '"user_voca"' is not assignable to parameter of type '"progress" | "admins" | "banned_words" | "categories" | "chat_user_state" | "chats" | "consent_documents" | "countries" | "creditcard" | "culture_note" | "culture_note_contents" | ... 36 more ... | "reports"'.
  Overload 2 of 2, '(relation: "post_like_counts"): PostgrestQueryBuilder<{ PostgrestVersion: "13.0.4"; }, { Tables: Merge<{ admins: { Row: { created_at: string; user_id: string; }; Insert: { created_at?: string | undefined; user_id: string; }; Update: { ...; }; Relationships: []; }; ... 44 more ...; tts_cache: { ...; }; }, AugmentedTables>; Views: { ...; }; Functions: { ...; }; Enums: { ...; }; CompositeTypes: {}; }, { ...; }, "post_like_counts", [...]>', gave the following error.
    Argument of type '"user_voca"' is not assignable to parameter of type '"post_like_counts"'.
src/components/study/McqQuizModal.tsx(177,28): error TS2769: No overload matches this call.
  Overload 1 of 2, '(relation: "progress" | "admins" | "banned_words" | "categories" | "chat_user_state" | "chats" | "consent_documents" | "countries" | "creditcard" | "culture_note" | "culture_note_contents" | ... 36 more ... | "reports"): PostgrestQueryBuilder<...>', gave the following error.
    Argument of type '"quiz_results"' is not assignable to parameter of type '"progress" | "admins" | "banned_words" | "categories" | "chat_user_state" | "chats" | "consent_documents" | "countries" | "creditcard" | "culture_note" | "culture_note_contents" | ... 36 more ... | "reports"'.
  Overload 2 of 2, '(relation: "post_like_counts"): PostgrestQueryBuilder<{ PostgrestVersion: "13.0.4"; }, { Tables: Merge<{ admins: { Row: { created_at: string; user_id: string; }; Insert: { created_at?: string | undefined; user_id: string; }; Update: { ...; }; Relationships: []; }; ... 44 more ...; tts_cache: { ...; }; }, AugmentedTables>; Views: { ...; }; Functions: { ...; }; Enums: { ...; }; CompositeTypes: {}; }, { ...; }, "post_like_counts", [...]>', gave the following error.
    Argument of type '"quiz_results"' is not assignable to parameter of type '"post_like_counts"'.
src/components/study/OxQuizModal.tsx(234,30): error TS2769: No overload matches this call.
  Overload 1 of 2, '(relation: "progress" | "admins" | "banned_words" | "categories" | "chat_user_state" | "chats" | "consent_documents" | "countries" | "creditcard" | "culture_note" | "culture_note_contents" | ... 36 more ... | "reports"): PostgrestQueryBuilder<...>', gave the following error.
    Argument of type '"user_voca"' is not assignable to parameter of type '"progress" | "admins" | "banned_words" | "categories" | "chat_user_state" | "chats" | "consent_documents" | "countries" | "creditcard" | "culture_note" | "culture_note_contents" | ... 36 more ... | "reports"'.
  Overload 2 of 2, '(relation: "post_like_counts"): PostgrestQueryBuilder<{ PostgrestVersion: "13.0.4"; }, { Tables: Merge<{ admins: { Row: { created_at: string; user_id: string; }; Insert: { created_at?: string | undefined; user_id: string; }; Update: { ...; }; Relationships: []; }; ... 44 more ...; tts_cache: { ...; }; }, AugmentedTables>; Views: { ...; }; Functions: { ...; }; Enums: { ...; }; CompositeTypes: {}; }, { ...; }, "post_like_counts", [...]>', gave the following error.
    Argument of type '"user_voca"' is not assignable to parameter of type '"post_like_counts"'.
src/components/study/OxQuizModal.tsx(248,28): error TS2769: No overload matches this call.
  Overload 1 of 2, '(relation: "progress" | "admins" | "banned_words" | "categories" | "chat_user_state" | "chats" | "consent_documents" | "countries" | "creditcard" | "culture_note" | "culture_note_contents" | ... 36 more ... | "reports"): PostgrestQueryBuilder<...>', gave the following error.
    Argument of type '"quiz_results"' is not assignable to parameter of type '"progress" | "admins" | "banned_words" | "categories" | "chat_user_state" | "chats" | "consent_documents" | "countries" | "creditcard" | "culture_note" | "culture_note_contents" | ... 36 more ... | "reports"'.
  Overload 2 of 2, '(relation: "post_like_counts"): PostgrestQueryBuilder<{ PostgrestVersion: "13.0.4"; }, { Tables: Merge<{ admins: { Row: { created_at: string; user_id: string; }; Insert: { created_at?: string | undefined; user_id: string; }; Update: { ...; }; Relationships: []; }; ... 44 more ...; tts_cache: { ...; }; }, AugmentedTables>; Views: { ...; }; Functions: { ...; }; Enums: { ...; }; CompositeTypes: {}; }, { ...; }, "post_like_counts", [...]>', gave the following error.
    Argument of type '"quiz_results"' is not assignable to parameter of type '"post_like_counts"'.
src/contexts/PresenceContext.tsx(68,52): error TS2345: Argument of type '"get_admin_dashboard_stats"' is not assignable to parameter of type '"caller_is_onboarded" | "create_or_update_profile_from_draft" | "create_or_update_profile_onboarding" | "email_exists" | "email_taken_by_email_provider" | "ensure_profile" | ... 15 more ... | "validate_nickname_policy"'.
src/contexts/SiteSettingsContext.tsx(68,79): error TS2769: No overload matches this call.
  Overload 1 of 2, '(relation: "progress" | "admins" | "banned_words" | "categories" | "chat_user_state" | "chats" | "consent_documents" | "countries" | "creditcard" | "culture_note" | "culture_note_contents" | ... 36 more ... | "reports"): PostgrestQueryBuilder<...>', gave the following error.
    Argument of type '"site_settings"' is not assignable to parameter of type '"progress" | "admins" | "banned_words" | "categories" | "chat_user_state" | "chats" | "consent_documents" | "countries" | "creditcard" | "culture_note" | "culture_note_contents" | ... 36 more ... | "reports"'.
  Overload 2 of 2, '(relation: "post_like_counts"): PostgrestQueryBuilder<{ PostgrestVersion: "13.0.4"; }, { Tables: Merge<{ admins: { Row: { created_at: string; user_id: string; }; Insert: { created_at?: string | undefined; user_id: string; }; Update: { ...; }; Relationships: []; }; ... 44 more ...; tts_cache: { ...; }; }, AugmentedTables>; Views: { ...; }; Functions: { ...; }; Enums: { ...; }; CompositeTypes: {}; }, { ...; }, "post_like_counts", [...]>', gave the following error.
    Argument of type '"site_settings"' is not assignable to parameter of type '"post_like_counts"'.
src/hooks/useAutoTranslation.ts(106,59): error TS2769: No overload matches this call.
  Overload 1 of 2, '(relation: "progress" | "admins" | "banned_words" | "categories" | "chat_user_state" | "chats" | "consent_documents" | "countries" | "creditcard" | "culture_note" | "culture_note_contents" | ... 36 more ... | "reports"): PostgrestQueryBuilder<...>', gave the following error.
    Argument of type '"translations"' is not assignable to parameter of type '"progress" | "admins" | "banned_words" | "categories" | "chat_user_state" | "chats" | "consent_documents" | "countries" | "creditcard" | "culture_note" | "culture_note_contents" | ... 36 more ... | "reports"'.
  Overload 2 of 2, '(relation: "post_like_counts"): PostgrestQueryBuilder<{ PostgrestVersion: "13.0.4"; }, { Tables: Merge<{ admins: { Row: { created_at: string; user_id: string; }; Insert: { created_at?: string | undefined; user_id: string; }; Update: { ...; }; Relationships: []; }; ... 44 more ...; tts_cache: { ...; }; }, AugmentedTables>; Views: { ...; }; Functions: { ...; }; Enums: { ...; }; CompositeTypes: {}; }, { ...; }, "post_like_counts", [...]>', gave the following error.
    Argument of type '"translations"' is not assignable to parameter of type '"post_like_counts"'.
src/hooks/useAutoTranslation.ts(163,31): error TS2769: No overload matches this call.
  Overload 1 of 2, '(relation: "progress" | "admins" | "banned_words" | "categories" | "chat_user_state" | "chats" | "consent_documents" | "countries" | "creditcard" | "culture_note" | "culture_note_contents" | ... 36 more ... | "reports"): PostgrestQueryBuilder<...>', gave the following error.
    Argument of type '"translations"' is not assignable to parameter of type '"progress" | "admins" | "banned_words" | "categories" | "chat_user_state" | "chats" | "consent_documents" | "countries" | "creditcard" | "culture_note" | "culture_note_contents" | ... 36 more ... | "reports"'.
  Overload 2 of 2, '(relation: "post_like_counts"): PostgrestQueryBuilder<{ PostgrestVersion: "13.0.4"; }, { Tables: Merge<{ admins: { Row: { created_at: string; user_id: string; }; Insert: { created_at?: string | undefined; user_id: string; }; Update: { ...; }; Relationships: []; }; ... 44 more ...; tts_cache: { ...; }; }, AugmentedTables>; Views: { ...; }; Functions: { ...; }; Enums: { ...; }; CompositeTypes: {}; }, { ...; }, "post_like_counts", [...]>', gave the following error.
    Argument of type '"translations"' is not assignable to parameter of type '"post_like_counts"'.
src/hooks/useBatchAutoTranslation.ts(96,63): error TS2769: No overload matches this call.
  Overload 1 of 2, '(relation: "progress" | "admins" | "banned_words" | "categories" | "chat_user_state" | "chats" | "consent_documents" | "countries" | "creditcard" | "culture_note" | "culture_note_contents" | ... 36 more ... | "reports"): PostgrestQueryBuilder<...>', gave the following error.
    Argument of type '"translations"' is not assignable to parameter of type '"progress" | "admins" | "banned_words" | "categories" | "chat_user_state" | "chats" | "consent_documents" | "countries" | "creditcard" | "culture_note" | "culture_note_contents" | ... 36 more ... | "reports"'.
  Overload 2 of 2, '(relation: "post_like_counts"): PostgrestQueryBuilder<{ PostgrestVersion: "13.0.4"; }, { Tables: Merge<{ admins: { Row: { created_at: string; user_id: string; }; Insert: { created_at?: string | undefined; user_id: string; }; Update: { ...; }; Relationships: []; }; ... 44 more ...; tts_cache: { ...; }; }, AugmentedTables>; Views: { ...; }; Functions: { ...; }; Enums: { ...; }; CompositeTypes: {}; }, { ...; }, "post_like_counts", [...]>', gave the following error.
    Argument of type '"translations"' is not assignable to parameter of type '"post_like_counts"'.
src/hooks/useBatchAutoTranslation.ts(186,33): error TS2769: No overload matches this call.
  Overload 1 of 2, '(relation: "progress" | "admins" | "banned_words" | "categories" | "chat_user_state" | "chats" | "consent_documents" | "countries" | "creditcard" | "culture_note" | "culture_note_contents" | ... 36 more ... | "reports"): PostgrestQueryBuilder<...>', gave the following error.
    Argument of type '"translations"' is not assignable to parameter of type '"progress" | "admins" | "banned_words" | "categories" | "chat_user_state" | "chats" | "consent_documents" | "countries" | "creditcard" | "culture_note" | "culture_note_contents" | ... 36 more ... | "reports"'.
  Overload 2 of 2, '(relation: "post_like_counts"): PostgrestQueryBuilder<{ PostgrestVersion: "13.0.4"; }, { Tables: Merge<{ admins: { Row: { created_at: string; user_id: string; }; Insert: { created_at?: string | undefined; user_id: string; }; Update: { ...; }; Relationships: []; }; ... 44 more ...; tts_cache: { ...; }; }, AugmentedTables>; Views: { ...; }; Functions: { ...; }; Enums: { ...; }; CompositeTypes: {}; }, { ...; }, "post_like_counts", [...]>', gave the following error.
    Argument of type '"translations"' is not assignable to parameter of type '"post_like_counts"'.
src/hooks/useMarketingBanners.ts(58,36): error TS2769: No overload matches this call.
  Overload 1 of 2, '(relation: "progress" | "admins" | "banned_words" | "categories" | "chat_user_state" | "chats" | "consent_documents" | "countries" | "creditcard" | "culture_note" | "culture_note_contents" | ... 36 more ... | "reports"): PostgrestQueryBuilder<...>', gave the following error.
    Argument of type '"marketing_banners"' is not assignable to parameter of type '"progress" | "admins" | "banned_words" | "categories" | "chat_user_state" | "chats" | "consent_documents" | "countries" | "creditcard" | "culture_note" | "culture_note_contents" | ... 36 more ... | "reports"'.
  Overload 2 of 2, '(relation: "post_like_counts"): PostgrestQueryBuilder<{ PostgrestVersion: "13.0.4"; }, { Tables: Merge<{ admins: { Row: { created_at: string; user_id: string; }; Insert: { created_at?: string | undefined; user_id: string; }; Update: { ...; }; Relationships: []; }; ... 44 more ...; tts_cache: { ...; }; }, AugmentedTables>; Views: { ...; }; Functions: { ...; }; Enums: { ...; }; CompositeTypes: {}; }, { ...; }, "post_like_counts", [...]>', gave the following error.
    Argument of type '"marketing_banners"' is not assignable to parameter of type '"post_like_counts"'.
src/hooks/useMarketingBanners.ts(118,30): error TS2769: No overload matches this call.
  Overload 1 of 2, '(relation: "progress" | "admins" | "banned_words" | "categories" | "chat_user_state" | "chats" | "consent_documents" | "countries" | "creditcard" | "culture_note" | "culture_note_contents" | ... 36 more ... | "reports"): PostgrestQueryBuilder<...>', gave the following error.
    Argument of type '"marketing_banners"' is not assignable to parameter of type '"progress" | "admins" | "banned_words" | "categories" | "chat_user_state" | "chats" | "consent_documents" | "countries" | "creditcard" | "culture_note" | "culture_note_contents" | ... 36 more ... | "reports"'.
  Overload 2 of 2, '(relation: "post_like_counts"): PostgrestQueryBuilder<{ PostgrestVersion: "13.0.4"; }, { Tables: Merge<{ admins: { Row: { created_at: string; user_id: string; }; Insert: { created_at?: string | undefined; user_id: string; }; Update: { ...; }; Relationships: []; }; ... 44 more ...; tts_cache: { ...; }; }, AugmentedTables>; Views: { ...; }; Functions: { ...; }; Enums: { ...; }; CompositeTypes: {}; }, { ...; }, "post_like_counts", [...]>', gave the following error.
    Argument of type '"marketing_banners"' is not assignable to parameter of type '"post_like_counts"'.
src/hooks/useMarketingBanners.ts(130,30): error TS2769: No overload matches this call.
  Overload 1 of 2, '(relation: "progress" | "admins" | "banned_words" | "categories" | "chat_user_state" | "chats" | "consent_documents" | "countries" | "creditcard" | "culture_note" | "culture_note_contents" | ... 36 more ... | "reports"): PostgrestQueryBuilder<...>', gave the following error.
    Argument of type '"marketing_banners"' is not assignable to parameter of type '"progress" | "admins" | "banned_words" | "categories" | "chat_user_state" | "chats" | "consent_documents" | "countries" | "creditcard" | "culture_note" | "culture_note_contents" | ... 36 more ... | "reports"'.
  Overload 2 of 2, '(relation: "post_like_counts"): PostgrestQueryBuilder<{ PostgrestVersion: "13.0.4"; }, { Tables: Merge<{ admins: { Row: { created_at: string; user_id: string; }; Insert: { created_at?: string | undefined; user_id: string; }; Update: { ...; }; Relationships: []; }; ... 44 more ...; tts_cache: { ...; }; }, AugmentedTables>; Views: { ...; }; Functions: { ...; }; Enums: { ...; }; CompositeTypes: {}; }, { ...; }, "post_like_counts", [...]>', gave the following error.
    Argument of type '"marketing_banners"' is not assignable to parameter of type '"post_like_counts"'.
src/hooks/useUserTracker.ts(66,50): error TS2769: No overload matches this call.
  Overload 1 of 2, '(relation: "progress" | "admins" | "banned_words" | "categories" | "chat_user_state" | "chats" | "consent_documents" | "countries" | "creditcard" | "culture_note" | "culture_note_contents" | ... 36 more ... | "reports"): PostgrestQueryBuilder<...>', gave the following error.
    Argument of type '"traffic_logs"' is not assignable to parameter of type '"progress" | "admins" | "banned_words" | "categories" | "chat_user_state" | "chats" | "consent_documents" | "countries" | "creditcard" | "culture_note" | "culture_note_contents" | ... 36 more ... | "reports"'.
  Overload 2 of 2, '(relation: "post_like_counts"): PostgrestQueryBuilder<{ PostgrestVersion: "13.0.4"; }, { Tables: Merge<{ admins: { Row: { created_at: string; user_id: string; }; Insert: { created_at?: string | undefined; user_id: string; }; Update: { ...; }; Relationships: []; }; ... 44 more ...; tts_cache: { ...; }; }, AugmentedTables>; Views: { ...; }; Functions: { ...; }; Enums: { ...; }; CompositeTypes: {}; }, { ...; }, "post_like_counts", [...]>', gave the following error.
    Argument of type '"traffic_logs"' is not assignable to parameter of type '"post_like_counts"'.
src/hooks/useUserTracker.ts(72,34): error TS2769: No overload matches this call.
  Overload 1 of 2, '(relation: "progress" | "admins" | "banned_words" | "categories" | "chat_user_state" | "chats" | "consent_documents" | "countries" | "creditcard" | "culture_note" | "culture_note_contents" | ... 36 more ... | "reports"): PostgrestQueryBuilder<...>', gave the following error.
    Argument of type '"traffic_logs"' is not assignable to parameter of type '"progress" | "admins" | "banned_words" | "categories" | "chat_user_state" | "chats" | "consent_documents" | "countries" | "creditcard" | "culture_note" | "culture_note_contents" | ... 36 more ... | "reports"'.
  Overload 2 of 2, '(relation: "post_like_counts"): PostgrestQueryBuilder<{ PostgrestVersion: "13.0.4"; }, { Tables: Merge<{ admins: { Row: { created_at: string; user_id: string; }; Insert: { created_at?: string | undefined; user_id: string; }; Update: { ...; }; Relationships: []; }; ... 44 more ...; tts_cache: { ...; }; }, AugmentedTables>; Views: { ...; }; Functions: { ...; }; Enums: { ...; }; CompositeTypes: {}; }, { ...; }, "post_like_counts", [...]>', gave the following error.
    Argument of type '"traffic_logs"' is not assignable to parameter of type '"post_like_counts"'.
src/lib/userVoca.ts(49,69): error TS2769: No overload matches this call.
  Overload 1 of 2, '(relation: "progress" | "admins" | "banned_words" | "categories" | "chat_user_state" | "chats" | "consent_documents" | "countries" | "creditcard" | "culture_note" | "culture_note_contents" | ... 36 more ... | "reports"): PostgrestQueryBuilder<...>', gave the following error.
    Argument of type '"user_voca"' is not assignable to parameter of type '"progress" | "admins" | "banned_words" | "categories" | "chat_user_state" | "chats" | "consent_documents" | "countries" | "creditcard" | "culture_note" | "culture_note_contents" | ... 36 more ... | "reports"'.
  Overload 2 of 2, '(relation: "post_like_counts"): PostgrestQueryBuilder<{ PostgrestVersion: "13.0.4"; }, { Tables: Merge<{ admins: { Row: { created_at: string; user_id: string; }; Insert: { created_at?: string | undefined; user_id: string; }; Update: { ...; }; Relationships: []; }; ... 44 more ...; tts_cache: { ...; }; }, AugmentedTables>; Views: { ...; }; Functions: { ...; }; Enums: { ...; }; CompositeTypes: {}; }, { ...; }, "post_like_counts", [...]>', gave the following error.
    Argument of type '"user_voca"' is not assignable to parameter of type '"post_like_counts"'.
src/lib/userVoca.ts(173,42): error TS2769: No overload matches this call.
  Overload 1 of 2, '(relation: "progress" | "admins" | "banned_words" | "categories" | "chat_user_state" | "chats" | "consent_documents" | "countries" | "creditcard" | "culture_note" | "culture_note_contents" | ... 36 more ... | "reports"): PostgrestQueryBuilder<...>', gave the following error.
    Argument of type '"user_voca"' is not assignable to parameter of type '"progress" | "admins" | "banned_words" | "categories" | "chat_user_state" | "chats" | "consent_documents" | "countries" | "creditcard" | "culture_note" | "culture_note_contents" | ... 36 more ... | "reports"'.
  Overload 2 of 2, '(relation: "post_like_counts"): PostgrestQueryBuilder<{ PostgrestVersion: "13.0.4"; }, { Tables: Merge<{ admins: { Row: { created_at: string; user_id: string; }; Insert: { created_at?: string | undefined; user_id: string; }; Update: { ...; }; Relationships: []; }; ... 44 more ...; tts_cache: { ...; }; }, AugmentedTables>; Views: { ...; }; Functions: { ...; }; Enums: { ...; }; CompositeTypes: {}; }, { ...; }, "post_like_counts", [...]>', gave the following error.
    Argument of type '"user_voca"' is not assignable to parameter of type '"post_like_counts"'.
src/lib/userVoca.ts(182,42): error TS2769: No overload matches this call.
  Overload 1 of 2, '(relation: "progress" | "admins" | "banned_words" | "categories" | "chat_user_state" | "chats" | "consent_documents" | "countries" | "creditcard" | "culture_note" | "culture_note_contents" | ... 36 more ... | "reports"): PostgrestQueryBuilder<...>', gave the following error.
    Argument of type '"user_voca"' is not assignable to parameter of type '"progress" | "admins" | "banned_words" | "categories" | "chat_user_state" | "chats" | "consent_documents" | "countries" | "creditcard" | "culture_note" | "culture_note_contents" | ... 36 more ... | "reports"'.
  Overload 2 of 2, '(relation: "post_like_counts"): PostgrestQueryBuilder<{ PostgrestVersion: "13.0.4"; }, { Tables: Merge<{ admins: { Row: { created_at: string; user_id: string; }; Insert: { created_at?: string | undefined; user_id: string; }; Update: { ...; }; Relationships: []; }; ... 44 more ...; tts_cache: { ...; }; }, AugmentedTables>; Views: { ...; }; Functions: { ...; }; Enums: { ...; }; CompositeTypes: {}; }, { ...; }, "post_like_counts", [...]>', gave the following error.
    Argument of type '"user_voca"' is not assignable to parameter of type '"post_like_counts"'.
src/lib/userVoca.ts(193,42): error TS2769: No overload matches this call.
  Overload 1 of 2, '(relation: "progress" | "admins" | "banned_words" | "categories" | "chat_user_state" | "chats" | "consent_documents" | "countries" | "creditcard" | "culture_note" | "culture_note_contents" | ... 36 more ... | "reports"): PostgrestQueryBuilder<...>', gave the following error.
    Argument of type '"user_voca"' is not assignable to parameter of type '"progress" | "admins" | "banned_words" | "categories" | "chat_user_state" | "chats" | "consent_documents" | "countries" | "creditcard" | "culture_note" | "culture_note_contents" | ... 36 more ... | "reports"'.
  Overload 2 of 2, '(relation: "post_like_counts"): PostgrestQueryBuilder<{ PostgrestVersion: "13.0.4"; }, { Tables: Merge<{ admins: { Row: { created_at: string; user_id: string; }; Insert: { created_at?: string | undefined; user_id: string; }; Update: { ...; }; Relationships: []; }; ... 44 more ...; tts_cache: { ...; }; }, AugmentedTables>; Views: { ...; }; Functions: { ...; }; Enums: { ...; }; CompositeTypes: {}; }, { ...; }, "post_like_counts", [...]>', gave the following error.
    Argument of type '"user_voca"' is not assignable to parameter of type '"post_like_counts"'.
src/lib/userVoca.ts(204,48): error TS2769: No overload matches this call.
  Overload 1 of 2, '(relation: "progress" | "admins" | "banned_words" | "categories" | "chat_user_state" | "chats" | "consent_documents" | "countries" | "creditcard" | "culture_note" | "culture_note_contents" | ... 36 more ... | "reports"): PostgrestQueryBuilder<...>', gave the following error.
    Argument of type '"user_voca"' is not assignable to parameter of type '"progress" | "admins" | "banned_words" | "categories" | "chat_user_state" | "chats" | "consent_documents" | "countries" | "creditcard" | "culture_note" | "culture_note_contents" | ... 36 more ... | "reports"'.
  Overload 2 of 2, '(relation: "post_like_counts"): PostgrestQueryBuilder<{ PostgrestVersion: "13.0.4"; }, { Tables: Merge<{ admins: { Row: { created_at: string; user_id: string; }; Insert: { created_at?: string | undefined; user_id: string; }; Update: { ...; }; Relationships: []; }; ... 44 more ...; tts_cache: { ...; }; }, AugmentedTables>; Views: { ...; }; Functions: { ...; }; Enums: { ...; }; CompositeTypes: {}; }, { ...; }, "post_like_counts", [...]>', gave the following error.
    Argument of type '"user_voca"' is not assignable to parameter of type '"post_like_counts"'.
src/pages/admin/AdminBannerManager.tsx(96,52): error TS2769: No overload matches this call.
  Overload 1 of 2, '(relation: "progress" | "admins" | "banned_words" | "categories" | "chat_user_state" | "chats" | "consent_documents" | "countries" | "creditcard" | "culture_note" | "culture_note_contents" | ... 36 more ... | "reports"): PostgrestQueryBuilder<...>', gave the following error.
    Argument of type '"marketing_banners"' is not assignable to parameter of type '"progress" | "admins" | "banned_words" | "categories" | "chat_user_state" | "chats" | "consent_documents" | "countries" | "creditcard" | "culture_note" | "culture_note_contents" | ... 36 more ... | "reports"'.
  Overload 2 of 2, '(relation: "post_like_counts"): PostgrestQueryBuilder<{ PostgrestVersion: "13.0.4"; }, { Tables: Merge<{ admins: { Row: { created_at: string; user_id: string; }; Insert: { created_at?: string | undefined; user_id: string; }; Update: { ...; }; Relationships: []; }; ... 44 more ...; tts_cache: { ...; }; }, AugmentedTables>; Views: { ...; }; Functions: { ...; }; Enums: { ...; }; CompositeTypes: {}; }, { ...; }, "post_like_counts", [...]>', gave the following error.
    Argument of type '"marketing_banners"' is not assignable to parameter of type '"post_like_counts"'.
src/pages/admin/AdminBannerManager.tsx(186,48): error TS2769: No overload matches this call.
  Overload 1 of 2, '(relation: "progress" | "admins" | "banned_words" | "categories" | "chat_user_state" | "chats" | "consent_documents" | "countries" | "creditcard" | "culture_note" | "culture_note_contents" | ... 36 more ... | "reports"): PostgrestQueryBuilder<...>', gave the following error.
    Argument of type '"marketing_banners"' is not assignable to parameter of type '"progress" | "admins" | "banned_words" | "categories" | "chat_user_state" | "chats" | "consent_documents" | "countries" | "creditcard" | "culture_note" | "culture_note_contents" | ... 36 more ... | "reports"'.
  Overload 2 of 2, '(relation: "post_like_counts"): PostgrestQueryBuilder<{ PostgrestVersion: "13.0.4"; }, { Tables: Merge<{ admins: { Row: { created_at: string; user_id: string; }; Insert: { created_at?: string | undefined; user_id: string; }; Update: { ...; }; Relationships: []; }; ... 44 more ...; tts_cache: { ...; }; }, AugmentedTables>; Views: { ...; }; Functions: { ...; }; Enums: { ...; }; CompositeTypes: {}; }, { ...; }, "post_like_counts", [...]>', gave the following error.
    Argument of type '"marketing_banners"' is not assignable to parameter of type '"post_like_counts"'.
src/pages/admin/AdminBannerManager.tsx(192,48): error TS2769: No overload matches this call.
  Overload 1 of 2, '(relation: "progress" | "admins" | "banned_words" | "categories" | "chat_user_state" | "chats" | "consent_documents" | "countries" | "creditcard" | "culture_note" | "culture_note_contents" | ... 36 more ... | "reports"): PostgrestQueryBuilder<...>', gave the following error.
    Argument of type '"marketing_banners"' is not assignable to parameter of type '"progress" | "admins" | "banned_words" | "categories" | "chat_user_state" | "chats" | "consent_documents" | "countries" | "creditcard" | "culture_note" | "culture_note_contents" | ... 36 more ... | "reports"'.
  Overload 2 of 2, '(relation: "post_like_counts"): PostgrestQueryBuilder<{ PostgrestVersion: "13.0.4"; }, { Tables: Merge<{ admins: { Row: { created_at: string; user_id: string; }; Insert: { created_at?: string | undefined; user_id: string; }; Update: { ...; }; Relationships: []; }; ... 44 more ...; tts_cache: { ...; }; }, AugmentedTables>; Views: { ...; }; Functions: { ...; }; Enums: { ...; }; CompositeTypes: {}; }, { ...; }, "post_like_counts", [...]>', gave the following error.
    Argument of type '"marketing_banners"' is not assignable to parameter of type '"post_like_counts"'.
src/pages/admin/AdminBannerManager.tsx(212,46): error TS2769: No overload matches this call.
  Overload 1 of 2, '(relation: "progress" | "admins" | "banned_words" | "categories" | "chat_user_state" | "chats" | "consent_documents" | "countries" | "creditcard" | "culture_note" | "culture_note_contents" | ... 36 more ... | "reports"): PostgrestQueryBuilder<...>', gave the following error.
    Argument of type '"marketing_banners"' is not assignable to parameter of type '"progress" | "admins" | "banned_words" | "categories" | "chat_user_state" | "chats" | "consent_documents" | "countries" | "creditcard" | "culture_note" | "culture_note_contents" | ... 36 more ... | "reports"'.
  Overload 2 of 2, '(relation: "post_like_counts"): PostgrestQueryBuilder<{ PostgrestVersion: "13.0.4"; }, { Tables: Merge<{ admins: { Row: { created_at: string; user_id: string; }; Insert: { created_at?: string | undefined; user_id: string; }; Update: { ...; }; Relationships: []; }; ... 44 more ...; tts_cache: { ...; }; }, AugmentedTables>; Views: { ...; }; Functions: { ...; }; Enums: { ...; }; CompositeTypes: {}; }, { ...; }, "post_like_counts", [...]>', gave the following error.
    Argument of type '"marketing_banners"' is not assignable to parameter of type '"post_like_counts"'.
src/pages/admin/AdminBannerManager.tsx(228,46): error TS2769: No overload matches this call.
  Overload 1 of 2, '(relation: "progress" | "admins" | "banned_words" | "categories" | "chat_user_state" | "chats" | "consent_documents" | "countries" | "creditcard" | "culture_note" | "culture_note_contents" | ... 36 more ... | "reports"): PostgrestQueryBuilder<...>', gave the following error.
    Argument of type '"marketing_banners"' is not assignable to parameter of type '"progress" | "admins" | "banned_words" | "categories" | "chat_user_state" | "chats" | "consent_documents" | "countries" | "creditcard" | "culture_note" | "culture_note_contents" | ... 36 more ... | "reports"'.
  Overload 2 of 2, '(relation: "post_like_counts"): PostgrestQueryBuilder<{ PostgrestVersion: "13.0.4"; }, { Tables: Merge<{ admins: { Row: { created_at: string; user_id: string; }; Insert: { created_at?: string | undefined; user_id: string; }; Update: { ...; }; Relationships: []; }; ... 44 more ...; tts_cache: { ...; }; }, AugmentedTables>; Views: { ...; }; Functions: { ...; }; Enums: { ...; }; CompositeTypes: {}; }, { ...; }, "post_like_counts", [...]>', gave the following error.
    Argument of type '"marketing_banners"' is not assignable to parameter of type '"post_like_counts"'.
src/pages/admin/AdminGoodsManagement.tsx(77,46): error TS2769: No overload matches this call.
  Overload 1 of 2, '(relation: "progress" | "admins" | "banned_words" | "categories" | "chat_user_state" | "chats" | "consent_documents" | "countries" | "creditcard" | "culture_note" | "culture_note_contents" | ... 36 more ... | "reports"): PostgrestQueryBuilder<...>', gave the following error.
    Argument of type '"products"' is not assignable to parameter of type '"progress" | "admins" | "banned_words" | "categories" | "chat_user_state" | "chats" | "consent_documents" | "countries" | "creditcard" | "culture_note" | "culture_note_contents" | ... 36 more ... | "reports"'.
  Overload 2 of 2, '(relation: "post_like_counts"): PostgrestQueryBuilder<{ PostgrestVersion: "13.0.4"; }, { Tables: Merge<{ admins: { Row: { created_at: string; user_id: string; }; Insert: { created_at?: string | undefined; user_id: string; }; Update: { ...; }; Relationships: []; }; ... 44 more ...; tts_cache: { ...; }; }, AugmentedTables>; Views: { ...; }; Functions: { ...; }; Enums: { ...; }; CompositeTypes: {}; }, { ...; }, "post_like_counts", [...]>', gave the following error.
    Argument of type '"products"' is not assignable to parameter of type '"post_like_counts"'.
src/pages/admin/AdminHome.tsx(431,49): error TS2345: Argument of type '"get_admin_dashboard_stats"' is not assignable to parameter of type '"caller_is_onboarded" | "create_or_update_profile_from_draft" | "create_or_update_profile_onboarding" | "email_exists" | "email_taken_by_email_provider" | "ensure_profile" | ... 15 more ... | "validate_nickname_policy"'.
src/pages/admin/AdminHome.tsx(432,32): error TS2345: Argument of type 'number | true' is not assignable to parameter of type 'SetStateAction<DashboardStats | null>'.
  Type 'number' is not assignable to type 'SetStateAction<DashboardStats | null>'.
src/pages/admin/AdminPromotionsPage.tsx(77,52): error TS2769: No overload matches this call.
  Overload 1 of 2, '(relation: "progress" | "admins" | "banned_words" | "categories" | "chat_user_state" | "chats" | "consent_documents" | "countries" | "creditcard" | "culture_note" | "culture_note_contents" | ... 36 more ... | "reports"): PostgrestQueryBuilder<...>', gave the following error.
    Argument of type '"promotions"' is not assignable to parameter of type '"progress" | "admins" | "banned_words" | "categories" | "chat_user_state" | "chats" | "consent_documents" | "countries" | "creditcard" | "culture_note" | "culture_note_contents" | ... 36 more ... | "reports"'.
  Overload 2 of 2, '(relation: "post_like_counts"): PostgrestQueryBuilder<{ PostgrestVersion: "13.0.4"; }, { Tables: Merge<{ admins: { Row: { created_at: string; user_id: string; }; Insert: { created_at?: string | undefined; user_id: string; }; Update: { ...; }; Relationships: []; }; ... 44 more ...; tts_cache: { ...; }; }, AugmentedTables>; Views: { ...; }; Functions: { ...; }; Enums: { ...; }; CompositeTypes: {}; }, { ...; }, "post_like_counts", [...]>', gave the following error.
    Argument of type '"promotions"' is not assignable to parameter of type '"post_like_counts"'.
src/pages/admin/AdminPromotionsPage.tsx(116,48): error TS2769: No overload matches this call.
  Overload 1 of 2, '(relation: "progress" | "admins" | "banned_words" | "categories" | "chat_user_state" | "chats" | "consent_documents" | "countries" | "creditcard" | "culture_note" | "culture_note_contents" | ... 36 more ... | "reports"): PostgrestQueryBuilder<...>', gave the following error.
    Argument of type '"promotions"' is not assignable to parameter of type '"progress" | "admins" | "banned_words" | "categories" | "chat_user_state" | "chats" | "consent_documents" | "countries" | "creditcard" | "culture_note" | "culture_note_contents" | ... 36 more ... | "reports"'.
  Overload 2 of 2, '(relation: "post_like_counts"): PostgrestQueryBuilder<{ PostgrestVersion: "13.0.4"; }, { Tables: Merge<{ admins: { Row: { created_at: string; user_id: string; }; Insert: { created_at?: string | undefined; user_id: string; }; Update: { ...; }; Relationships: []; }; ... 44 more ...; tts_cache: { ...; }; }, AugmentedTables>; Views: { ...; }; Functions: { ...; }; Enums: { ...; }; CompositeTypes: {}; }, { ...; }, "post_like_counts", [...]>', gave the following error.
    Argument of type '"promotions"' is not assignable to parameter of type '"post_like_counts"'.
src/pages/admin/AdminPromotionsPage.tsx(122,48): error TS2769: No overload matches this call.
  Overload 1 of 2, '(relation: "progress" | "admins" | "banned_words" | "categories" | "chat_user_state" | "chats" | "consent_documents" | "countries" | "creditcard" | "culture_note" | "culture_note_contents" | ... 36 more ... | "reports"): PostgrestQueryBuilder<...>', gave the following error.
    Argument of type '"promotions"' is not assignable to parameter of type '"progress" | "admins" | "banned_words" | "categories" | "chat_user_state" | "chats" | "consent_documents" | "countries" | "creditcard" | "culture_note" | "culture_note_contents" | ... 36 more ... | "reports"'.
  Overload 2 of 2, '(relation: "post_like_counts"): PostgrestQueryBuilder<{ PostgrestVersion: "13.0.4"; }, { Tables: Merge<{ admins: { Row: { created_at: string; user_id: string; }; Insert: { created_at?: string | undefined; user_id: string; }; Update: { ...; }; Relationships: []; }; ... 44 more ...; tts_cache: { ...; }; }, AugmentedTables>; Views: { ...; }; Functions: { ...; }; Enums: { ...; }; CompositeTypes: {}; }, { ...; }, "post_like_counts", [...]>', gave the following error.
    Argument of type '"promotions"' is not assignable to parameter of type '"post_like_counts"'.
src/pages/admin/AdminPromotionsPage.tsx(138,46): error TS2769: No overload matches this call.
  Overload 1 of 2, '(relation: "progress" | "admins" | "banned_words" | "categories" | "chat_user_state" | "chats" | "consent_documents" | "countries" | "creditcard" | "culture_note" | "culture_note_contents" | ... 36 more ... | "reports"): PostgrestQueryBuilder<...>', gave the following error.
    Argument of type '"promotions"' is not assignable to parameter of type '"progress" | "admins" | "banned_words" | "categories" | "chat_user_state" | "chats" | "consent_documents" | "countries" | "creditcard" | "culture_note" | "culture_note_contents" | ... 36 more ... | "reports"'.
  Overload 2 of 2, '(relation: "post_like_counts"): PostgrestQueryBuilder<{ PostgrestVersion: "13.0.4"; }, { Tables: Merge<{ admins: { Row: { created_at: string; user_id: string; }; Insert: { created_at?: string | undefined; user_id: string; }; Update: { ...; }; Relationships: []; }; ... 44 more ...; tts_cache: { ...; }; }, AugmentedTables>; Views: { ...; }; Functions: { ...; }; Enums: { ...; }; CompositeTypes: {}; }, { ...; }, "post_like_counts", [...]>', gave the following error.
    Argument of type '"promotions"' is not assignable to parameter of type '"post_like_counts"'.
src/pages/admin/AdminPromotionsPage.tsx(150,46): error TS2769: No overload matches this call.
  Overload 1 of 2, '(relation: "progress" | "admins" | "banned_words" | "categories" | "chat_user_state" | "chats" | "consent_documents" | "countries" | "creditcard" | "culture_note" | "culture_note_contents" | ... 36 more ... | "reports"): PostgrestQueryBuilder<...>', gave the following error.
    Argument of type '"promotions"' is not assignable to parameter of type '"progress" | "admins" | "banned_words" | "categories" | "chat_user_state" | "chats" | "consent_documents" | "countries" | "creditcard" | "culture_note" | "culture_note_contents" | ... 36 more ... | "reports"'.
  Overload 2 of 2, '(relation: "post_like_counts"): PostgrestQueryBuilder<{ PostgrestVersion: "13.0.4"; }, { Tables: Merge<{ admins: { Row: { created_at: string; user_id: string; }; Insert: { created_at?: string | undefined; user_id: string; }; Update: { ...; }; Relationships: []; }; ... 44 more ...; tts_cache: { ...; }; }, AugmentedTables>; Views: { ...; }; Functions: { ...; }; Enums: { ...; }; CompositeTypes: {}; }, { ...; }, "post_like_counts", [...]>', gave the following error.
    Argument of type '"promotions"' is not assignable to parameter of type '"post_like_counts"'.
src/pages/admin/AdminPromotionsPage.tsx(199,52): error TS2769: No overload matches this call.
  Overload 1 of 2, '(relation: "progress" | "admins" | "banned_words" | "categories" | "chat_user_state" | "chats" | "consent_documents" | "countries" | "creditcard" | "culture_note" | "culture_note_contents" | ... 36 more ... | "reports"): PostgrestQueryBuilder<...>', gave the following error.
    Argument of type '"coupons"' is not assignable to parameter of type '"progress" | "admins" | "banned_words" | "categories" | "chat_user_state" | "chats" | "consent_documents" | "countries" | "creditcard" | "culture_note" | "culture_note_contents" | ... 36 more ... | "reports"'.
  Overload 2 of 2, '(relation: "post_like_counts"): PostgrestQueryBuilder<{ PostgrestVersion: "13.0.4"; }, { Tables: Merge<{ admins: { Row: { created_at: string; user_id: string; }; Insert: { created_at?: string | undefined; user_id: string; }; Update: { ...; }; Relationships: []; }; ... 44 more ...; tts_cache: { ...; }; }, AugmentedTables>; Views: { ...; }; Functions: { ...; }; Enums: { ...; }; CompositeTypes: {}; }, { ...; }, "post_like_counts", [...]>', gave the following error.
    Argument of type '"coupons"' is not assignable to parameter of type '"post_like_counts"'.
src/pages/admin/AdminPromotionsPage.tsx(245,46): error TS2769: No overload matches this call.
  Overload 1 of 2, '(relation: "progress" | "admins" | "banned_words" | "categories" | "chat_user_state" | "chats" | "consent_documents" | "countries" | "creditcard" | "culture_note" | "culture_note_contents" | ... 36 more ... | "reports"): PostgrestQueryBuilder<...>', gave the following error.
    Argument of type '"coupons"' is not assignable to parameter of type '"progress" | "admins" | "banned_words" | "categories" | "chat_user_state" | "chats" | "consent_documents" | "countries" | "creditcard" | "culture_note" | "culture_note_contents" | ... 36 more ... | "reports"'.
  Overload 2 of 2, '(relation: "post_like_counts"): PostgrestQueryBuilder<{ PostgrestVersion: "13.0.4"; }, { Tables: Merge<{ admins: { Row: { created_at: string; user_id: string; }; Insert: { created_at?: string | undefined; user_id: string; }; Update: { ...; }; Relationships: []; }; ... 44 more ...; tts_cache: { ...; }; }, AugmentedTables>; Views: { ...; }; Functions: { ...; }; Enums: { ...; }; CompositeTypes: {}; }, { ...; }, "post_like_counts", [...]>', gave the following error.
    Argument of type '"coupons"' is not assignable to parameter of type '"post_like_counts"'.
src/pages/admin/AdminPromotionsPage.tsx(265,46): error TS2769: No overload matches this call.
  Overload 1 of 2, '(relation: "progress" | "admins" | "banned_words" | "categories" | "chat_user_state" | "chats" | "consent_documents" | "countries" | "creditcard" | "culture_note" | "culture_note_contents" | ... 36 more ... | "reports"): PostgrestQueryBuilder<...>', gave the following error.
    Argument of type '"coupons"' is not assignable to parameter of type '"progress" | "admins" | "banned_words" | "categories" | "chat_user_state" | "chats" | "consent_documents" | "countries" | "creditcard" | "culture_note" | "culture_note_contents" | ... 36 more ... | "reports"'.
  Overload 2 of 2, '(relation: "post_like_counts"): PostgrestQueryBuilder<{ PostgrestVersion: "13.0.4"; }, { Tables: Merge<{ admins: { Row: { created_at: string; user_id: string; }; Insert: { created_at?: string | undefined; user_id: string; }; Update: { ...; }; Relationships: []; }; ... 44 more ...; tts_cache: { ...; }; }, AugmentedTables>; Views: { ...; }; Functions: { ...; }; Enums: { ...; }; CompositeTypes: {}; }, { ...; }, "post_like_counts", [...]>', gave the following error.
    Argument of type '"coupons"' is not assignable to parameter of type '"post_like_counts"'.
src/pages/admin/AdminPromotionsPage.tsx(277,48): error TS2769: No overload matches this call.
  Overload 1 of 2, '(relation: "progress" | "admins" | "banned_words" | "categories" | "chat_user_state" | "chats" | "consent_documents" | "countries" | "creditcard" | "culture_note" | "culture_note_contents" | ... 36 more ... | "reports"): PostgrestQueryBuilder<...>', gave the following error.
    Argument of type '"coupons"' is not assignable to parameter of type '"progress" | "admins" | "banned_words" | "categories" | "chat_user_state" | "chats" | "consent_documents" | "countries" | "creditcard" | "culture_note" | "culture_note_contents" | ... 36 more ... | "reports"'.
  Overload 2 of 2, '(relation: "post_like_counts"): PostgrestQueryBuilder<{ PostgrestVersion: "13.0.4"; }, { Tables: Merge<{ admins: { Row: { created_at: string; user_id: string; }; Insert: { created_at?: string | undefined; user_id: string; }; Update: { ...; }; Relationships: []; }; ... 44 more ...; tts_cache: { ...; }; }, AugmentedTables>; Views: { ...; }; Functions: { ...; }; Enums: { ...; }; CompositeTypes: {}; }, { ...; }, "post_like_counts", [...]>', gave the following error.
    Argument of type '"coupons"' is not assignable to parameter of type '"post_like_counts"'.
src/pages/admin/AdminSettings.tsx(77,52): error TS2769: No overload matches this call.
  Overload 1 of 2, '(relation: "progress" | "admins" | "banned_words" | "categories" | "chat_user_state" | "chats" | "consent_documents" | "countries" | "creditcard" | "culture_note" | "culture_note_contents" | ... 36 more ... | "reports"): PostgrestQueryBuilder<...>', gave the following error.
    Argument of type '"site_settings"' is not assignable to parameter of type '"progress" | "admins" | "banned_words" | "categories" | "chat_user_state" | "chats" | "consent_documents" | "countries" | "creditcard" | "culture_note" | "culture_note_contents" | ... 36 more ... | "reports"'.
  Overload 2 of 2, '(relation: "post_like_counts"): PostgrestQueryBuilder<{ PostgrestVersion: "13.0.4"; }, { Tables: Merge<{ admins: { Row: { created_at: string; user_id: string; }; Insert: { created_at?: string | undefined; user_id: string; }; Update: { ...; }; Relationships: []; }; ... 44 more ...; tts_cache: { ...; }; }, AugmentedTables>; Views: { ...; }; Functions: { ...; }; Enums: { ...; }; CompositeTypes: {}; }, { ...; }, "post_like_counts", [...]>', gave the following error.
    Argument of type '"site_settings"' is not assignable to parameter of type '"post_like_counts"'.
src/pages/admin/AdminSettings.tsx(126,26): error TS2769: No overload matches this call.
  Overload 1 of 2, '(relation: "progress" | "admins" | "banned_words" | "categories" | "chat_user_state" | "chats" | "consent_documents" | "countries" | "creditcard" | "culture_note" | "culture_note_contents" | ... 36 more ... | "reports"): PostgrestQueryBuilder<...>', gave the following error.
    Argument of type '"site_settings"' is not assignable to parameter of type '"progress" | "admins" | "banned_words" | "categories" | "chat_user_state" | "chats" | "consent_documents" | "countries" | "creditcard" | "culture_note" | "culture_note_contents" | ... 36 more ... | "reports"'.
  Overload 2 of 2, '(relation: "post_like_counts"): PostgrestQueryBuilder<{ PostgrestVersion: "13.0.4"; }, { Tables: Merge<{ admins: { Row: { created_at: string; user_id: string; }; Insert: { created_at?: string | undefined; user_id: string; }; Update: { ...; }; Relationships: []; }; ... 44 more ...; tts_cache: { ...; }; }, AugmentedTables>; Views: { ...; }; Functions: { ...; }; Enums: { ...; }; CompositeTypes: {}; }, { ...; }, "post_like_counts", [...]>', gave the following error.
    Argument of type '"site_settings"' is not assignable to parameter of type '"post_like_counts"'.
src/pages/admin/components/AdminTrafficLogsModal.tsx(115,71): error TS2769: No overload matches this call.
  Overload 1 of 2, '(relation: "progress" | "admins" | "banned_words" | "categories" | "chat_user_state" | "chats" | "consent_documents" | "countries" | "creditcard" | "culture_note" | "culture_note_contents" | ... 36 more ... | "reports"): PostgrestQueryBuilder<...>', gave the following error.
    Argument of type '"traffic_logs"' is not assignable to parameter of type '"progress" | "admins" | "banned_words" | "categories" | "chat_user_state" | "chats" | "consent_documents" | "countries" | "creditcard" | "culture_note" | "culture_note_contents" | ... 36 more ... | "reports"'.
  Overload 2 of 2, '(relation: "post_like_counts"): PostgrestQueryBuilder<{ PostgrestVersion: "13.0.4"; }, { Tables: Merge<{ admins: { Row: { created_at: string; user_id: string; }; Insert: { created_at?: string | undefined; user_id: string; }; Update: { ...; }; Relationships: []; }; ... 44 more ...; tts_cache: { ...; }; }, AugmentedTables>; Views: { ...; }; Functions: { ...; }; Enums: { ...; }; CompositeTypes: {}; }, { ...; }, "post_like_counts", [...]>', gave the following error.
    Argument of type '"traffic_logs"' is not assignable to parameter of type '"post_like_counts"'.
src/pages/admin/components/MarketingSpendModal.tsx(46,52): error TS2769: No overload matches this call.
  Overload 1 of 2, '(relation: "progress" | "admins" | "banned_words" | "categories" | "chat_user_state" | "chats" | "consent_documents" | "countries" | "creditcard" | "culture_note" | "culture_note_contents" | ... 36 more ... | "reports"): PostgrestQueryBuilder<...>', gave the following error.
    Argument of type '"marketing_spends"' is not assignable to parameter of type '"progress" | "admins" | "banned_words" | "categories" | "chat_user_state" | "chats" | "consent_documents" | "countries" | "creditcard" | "culture_note" | "culture_note_contents" | ... 36 more ... | "reports"'.
  Overload 2 of 2, '(relation: "post_like_counts"): PostgrestQueryBuilder<{ PostgrestVersion: "13.0.4"; }, { Tables: Merge<{ admins: { Row: { created_at: string; user_id: string; }; Insert: { created_at?: string | undefined; user_id: string; }; Update: { ...; }; Relationships: []; }; ... 44 more ...; tts_cache: { ...; }; }, AugmentedTables>; Views: { ...; }; Functions: { ...; }; Enums: { ...; }; CompositeTypes: {}; }, { ...; }, "post_like_counts", [...]>', gave the following error.
    Argument of type '"marketing_spends"' is not assignable to parameter of type '"post_like_counts"'.
src/pages/admin/components/MarketingSpendModal.tsx(72,46): error TS2769: No overload matches this call.
  Overload 1 of 2, '(relation: "progress" | "admins" | "banned_words" | "categories" | "chat_user_state" | "chats" | "consent_documents" | "countries" | "creditcard" | "culture_note" | "culture_note_contents" | ... 36 more ... | "reports"): PostgrestQueryBuilder<...>', gave the following error.
    Argument of type '"marketing_spends"' is not assignable to parameter of type '"progress" | "admins" | "banned_words" | "categories" | "chat_user_state" | "chats" | "consent_documents" | "countries" | "creditcard" | "culture_note" | "culture_note_contents" | ... 36 more ... | "reports"'.
  Overload 2 of 2, '(relation: "post_like_counts"): PostgrestQueryBuilder<{ PostgrestVersion: "13.0.4"; }, { Tables: Merge<{ admins: { Row: { created_at: string; user_id: string; }; Insert: { created_at?: string | undefined; user_id: string; }; Update: { ...; }; Relationships: []; }; ... 44 more ...; tts_cache: { ...; }; }, AugmentedTables>; Views: { ...; }; Functions: { ...; }; Enums: { ...; }; CompositeTypes: {}; }, { ...; }, "post_like_counts", [...]>', gave the following error.
    Argument of type '"marketing_spends"' is not assignable to parameter of type '"post_like_counts"'.
src/pages/admin/components/MarketingSpendModal.tsx(94,46): error TS2769: No overload matches this call.
  Overload 1 of 2, '(relation: "progress" | "admins" | "banned_words" | "categories" | "chat_user_state" | "chats" | "consent_documents" | "countries" | "creditcard" | "culture_note" | "culture_note_contents" | ... 36 more ... | "reports"): PostgrestQueryBuilder<...>', gave the following error.
    Argument of type '"marketing_spends"' is not assignable to parameter of type '"progress" | "admins" | "banned_words" | "categories" | "chat_user_state" | "chats" | "consent_documents" | "countries" | "creditcard" | "culture_note" | "culture_note_contents" | ... 36 more ... | "reports"'.
  Overload 2 of 2, '(relation: "post_like_counts"): PostgrestQueryBuilder<{ PostgrestVersion: "13.0.4"; }, { Tables: Merge<{ admins: { Row: { created_at: string; user_id: string; }; Insert: { created_at?: string | undefined; user_id: string; }; Update: { ...; }; Relationships: []; }; ... 44 more ...; tts_cache: { ...; }; }, AugmentedTables>; Views: { ...; }; Functions: { ...; }; Enums: { ...; }; CompositeTypes: {}; }, { ...; }, "post_like_counts", [...]>', gave the following error.
    Argument of type '"marketing_spends"' is not assignable to parameter of type '"post_like_counts"'.
src/pages/admin/components/SanctionDialog.tsx(96,64): error TS2769: No overload matches this call.
  Overload 1 of 2, '(relation: "progress" | "admins" | "banned_words" | "categories" | "chat_user_state" | "chats" | "consent_documents" | "countries" | "creditcard" | "culture_note" | "culture_note_contents" | ... 36 more ... | "reports"): PostgrestQueryBuilder<...>', gave the following error.
    Argument of type '"sanction_history"' is not assignable to parameter of type '"progress" | "admins" | "banned_words" | "categories" | "chat_user_state" | "chats" | "consent_documents" | "countries" | "creditcard" | "culture_note" | "culture_note_contents" | ... 36 more ... | "reports"'.
  Overload 2 of 2, '(relation: "post_like_counts"): PostgrestQueryBuilder<{ PostgrestVersion: "13.0.4"; }, { Tables: Merge<{ admins: { Row: { created_at: string; user_id: string; }; Insert: { created_at?: string | undefined; user_id: string; }; Update: { ...; }; Relationships: []; }; ... 44 more ...; tts_cache: { ...; }; }, AugmentedTables>; Views: { ...; }; Functions: { ...; }; Enums: { ...; }; CompositeTypes: {}; }, { ...; }, "post_like_counts", [...]>', gave the following error.
    Argument of type '"sanction_history"' is not assignable to parameter of type '"post_like_counts"'.
src/pages/admin/components/UserProfileModal.tsx(60,54): error TS2769: No overload matches this call.
  Overload 1 of 2, '(relation: "progress" | "admins" | "banned_words" | "categories" | "chat_user_state" | "chats" | "consent_documents" | "countries" | "creditcard" | "culture_note" | "culture_note_contents" | ... 36 more ... | "reports"): PostgrestQueryBuilder<...>', gave the following error.
    Argument of type '"traffic_logs"' is not assignable to parameter of type '"progress" | "admins" | "banned_words" | "categories" | "chat_user_state" | "chats" | "consent_documents" | "countries" | "creditcard" | "culture_note" | "culture_note_contents" | ... 36 more ... | "reports"'.
  Overload 2 of 2, '(relation: "post_like_counts"): PostgrestQueryBuilder<{ PostgrestVersion: "13.0.4"; }, { Tables: Merge<{ admins: { Row: { created_at: string; user_id: string; }; Insert: { created_at?: string | undefined; user_id: string; }; Update: { ...; }; Relationships: []; }; ... 44 more ...; tts_cache: { ...; }; }, AugmentedTables>; Views: { ...; }; Functions: { ...; }; Enums: { ...; }; CompositeTypes: {}; }, { ...; }, "post_like_counts", [...]>', gave the following error.
    Argument of type '"traffic_logs"' is not assignable to parameter of type '"post_like_counts"'.
src/pages/auth/AuthCallback.tsx(308,36): error TS2769: No overload matches this call.
  Overload 1 of 2, '(relation: "progress" | "admins" | "banned_words" | "categories" | "chat_user_state" | "chats" | "consent_documents" | "countries" | "creditcard" | "culture_note" | "culture_note_contents" | ... 36 more ... | "reports"): PostgrestQueryBuilder<...>', gave the following error.
    Argument of type '"unlinked_identities"' is not assignable to parameter of type '"progress" | "admins" | "banned_words" | "categories" | "chat_user_state" | "chats" | "consent_documents" | "countries" | "creditcard" | "culture_note" | "culture_note_contents" | ... 36 more ... | "reports"'.
  Overload 2 of 2, '(relation: "post_like_counts"): PostgrestQueryBuilder<{ PostgrestVersion: "13.0.4"; }, { Tables: Merge<{ admins: { Row: { created_at: string; user_id: string; }; Insert: { created_at?: string | undefined; user_id: string; }; Update: { ...; }; Relationships: []; }; ... 44 more ...; tts_cache: { ...; }; }, AugmentedTables>; Views: { ...; }; Functions: { ...; }; Enums: { ...; }; CompositeTypes: {}; }, { ...; }, "post_like_counts", [...]>', gave the following error.
    Argument of type '"unlinked_identities"' is not assignable to parameter of type '"post_like_counts"'.
src/pages/community/feature/TrendsPanel.tsx(42,50): error TS2345: Argument of type '"get_trending_tweets"' is not assignable to parameter of type '"caller_is_onboarded" | "create_or_update_profile_from_draft" | "create_or_update_profile_onboarding" | "email_exists" | "email_taken_by_email_provider" | "ensure_profile" | ... 15 more ... | "validate_nickname_policy"'.
src/pages/community/tweet/components/TweetDetailCard.tsx(524,26): error TS2769: No overload matches this call.
  Overload 1 of 2, '(relation: "progress" | "admins" | "banned_words" | "categories" | "chat_user_state" | "chats" | "consent_documents" | "countries" | "creditcard" | "culture_note" | "culture_note_contents" | ... 36 more ... | "reports"): PostgrestQueryBuilder<...>', gave the following error.
    Argument of type '"translations"' is not assignable to parameter of type '"progress" | "admins" | "banned_words" | "categories" | "chat_user_state" | "chats" | "consent_documents" | "countries" | "creditcard" | "culture_note" | "culture_note_contents" | ... 36 more ... | "reports"'.
  Overload 2 of 2, '(relation: "post_like_counts"): PostgrestQueryBuilder<{ PostgrestVersion: "13.0.4"; }, { Tables: Merge<{ admins: { Row: { created_at: string; user_id: string; }; Insert: { created_at?: string | undefined; user_id: string; }; Update: { ...; }; Relationships: []; }; ... 44 more ...; tts_cache: { ...; }; }, AugmentedTables>; Views: { ...; }; Functions: { ...; }; Enums: { ...; }; CompositeTypes: {}; }, { ...; }, "post_like_counts", [...]>', gave the following error.
    Argument of type '"translations"' is not assignable to parameter of type '"post_like_counts"'.
src/pages/profile/components/ProfileTweets.tsx(114,28): error TS2769: No overload matches this call.
  Overload 1 of 2, '(relation: "progress" | "admins" | "banned_words" | "categories" | "chat_user_state" | "chats" | "consent_documents" | "countries" | "creditcard" | "culture_note" | "culture_note_contents" | ... 36 more ... | "reports"): PostgrestQueryBuilder<...>', gave the following error.
    Argument of type '"reply_likes"' is not assignable to parameter of type '"progress" | "admins" | "banned_words" | "categories" | "chat_user_state" | "chats" | "consent_documents" | "countries" | "creditcard" | "culture_note" | "culture_note_contents" | ... 36 more ... | "reports"'.
  Overload 2 of 2, '(relation: "post_like_counts"): PostgrestQueryBuilder<{ PostgrestVersion: "13.0.4"; }, { Tables: Merge<{ admins: { Row: { created_at: string; user_id: string; }; Insert: { created_at?: string | undefined; user_id: string; }; Update: { ...; }; Relationships: []; }; ... 44 more ...; tts_cache: { ...; }; }, AugmentedTables>; Views: { ...; }; Functions: { ...; }; Enums: { ...; }; CompositeTypes: {}; }, { ...; }, "post_like_counts", [...]>', gave the following error.
    Argument of type '"reply_likes"' is not assignable to parameter of type '"post_like_counts"'.
src/pages/profile/ProfileAsap.tsx(75,57): error TS2769: No overload matches this call.
  Overload 1 of 2, '(relation: "progress" | "admins" | "banned_words" | "categories" | "chat_user_state" | "chats" | "consent_documents" | "countries" | "creditcard" | "culture_note" | "culture_note_contents" | ... 36 more ... | "reports"): PostgrestQueryBuilder<...>', gave the following error.
    Argument of type '"sanction_history"' is not assignable to parameter of type '"progress" | "admins" | "banned_words" | "categories" | "chat_user_state" | "chats" | "consent_documents" | "countries" | "creditcard" | "culture_note" | "culture_note_contents" | ... 36 more ... | "reports"'.
  Overload 2 of 2, '(relation: "post_like_counts"): PostgrestQueryBuilder<{ PostgrestVersion: "13.0.4"; }, { Tables: Merge<{ admins: { Row: { created_at: string; user_id: string; }; Insert: { created_at?: string | undefined; user_id: string; }; Update: { ...; }; Relationships: []; }; ... 44 more ...; tts_cache: { ...; }; }, AugmentedTables>; Views: { ...; }; Functions: { ...; }; Enums: { ...; }; CompositeTypes: {}; }, { ...; }, "post_like_counts", [...]>', gave the following error.
    Argument of type '"sanction_history"' is not assignable to parameter of type '"post_like_counts"'.
src/pages/profile/ProfileAsap.tsx(87,44): error TS2769: No overload matches this call.
  Overload 1 of 2, '(relation: "progress" | "admins" | "banned_words" | "categories" | "chat_user_state" | "chats" | "consent_documents" | "countries" | "creditcard" | "culture_note" | "culture_note_contents" | ... 36 more ... | "reports"): PostgrestQueryBuilder<...>', gave the following error.
    Argument of type '"sanction_history"' is not assignable to parameter of type '"progress" | "admins" | "banned_words" | "categories" | "chat_user_state" | "chats" | "consent_documents" | "countries" | "creditcard" | "culture_note" | "culture_note_contents" | ... 36 more ... | "reports"'.
  Overload 2 of 2, '(relation: "post_like_counts"): PostgrestQueryBuilder<{ PostgrestVersion: "13.0.4"; }, { Tables: Merge<{ admins: { Row: { created_at: string; user_id: string; }; Insert: { created_at?: string | undefined; user_id: string; }; Update: { ...; }; Relationships: []; }; ... 44 more ...; tts_cache: { ...; }; }, AugmentedTables>; Views: { ...; }; Functions: { ...; }; Enums: { ...; }; CompositeTypes: {}; }, { ...; }, "post_like_counts", [...]>', gave the following error.
    Argument of type '"sanction_history"' is not assignable to parameter of type '"post_like_counts"'.
src/pages/settings/PrivacySettings.tsx(221,34): error TS2769: No overload matches this call.
  Overload 1 of 2, '(relation: "progress" | "admins" | "banned_words" | "categories" | "chat_user_state" | "chats" | "consent_documents" | "countries" | "creditcard" | "culture_note" | "culture_note_contents" | ... 36 more ... | "reports"): PostgrestQueryBuilder<...>', gave the following error.
    Argument of type '"withdrawal_feedbacks"' is not assignable to parameter of type '"progress" | "admins" | "banned_words" | "categories" | "chat_user_state" | "chats" | "consent_documents" | "countries" | "creditcard" | "culture_note" | "culture_note_contents" | ... 36 more ... | "reports"'.
  Overload 2 of 2, '(relation: "post_like_counts"): PostgrestQueryBuilder<{ PostgrestVersion: "13.0.4"; }, { Tables: Merge<{ admins: { Row: { created_at: string; user_id: string; }; Insert: { created_at?: string | undefined; user_id: string; }; Update: { ...; }; Relationships: []; }; ... 44 more ...; tts_cache: { ...; }; }, AugmentedTables>; Views: { ...; }; Functions: { ...; }; Enums: { ...; }; CompositeTypes: {}; }, { ...; }, "post_like_counts", [...]>', gave the following error.
    Argument of type '"withdrawal_feedbacks"' is not assignable to parameter of type '"post_like_counts"'.
src/pages/settings/SubscriptionCouponSettings.tsx(97,54): error TS2769: No overload matches this call.
  Overload 1 of 2, '(relation: "progress" | "admins" | "banned_words" | "categories" | "chat_user_state" | "chats" | "consent_documents" | "countries" | "creditcard" | "culture_note" | "culture_note_contents" | ... 36 more ... | "reports"): PostgrestQueryBuilder<...>', gave the following error.
    Argument of type '"subscriptions"' is not assignable to parameter of type '"progress" | "admins" | "banned_words" | "categories" | "chat_user_state" | "chats" | "consent_documents" | "countries" | "creditcard" | "culture_note" | "culture_note_contents" | ... 36 more ... | "reports"'.
  Overload 2 of 2, '(relation: "post_like_counts"): PostgrestQueryBuilder<{ PostgrestVersion: "13.0.4"; }, { Tables: Merge<{ admins: { Row: { created_at: string; user_id: string; }; Insert: { created_at?: string | undefined; user_id: string; }; Update: { ...; }; Relationships: []; }; ... 44 more ...; tts_cache: { ...; }; }, AugmentedTables>; Views: { ...; }; Functions: { ...; }; Enums: { ...; }; CompositeTypes: {}; }, { ...; }, "post_like_counts", [...]>', gave the following error.
    Argument of type '"subscriptions"' is not assignable to parameter of type '"post_like_counts"'.
src/pages/settings/SubscriptionCouponSettings.tsx(108,58): error TS2769: No overload matches this call.
  Overload 1 of 2, '(relation: "progress" | "admins" | "banned_words" | "categories" | "chat_user_state" | "chats" | "consent_documents" | "countries" | "creditcard" | "culture_note" | "culture_note_contents" | ... 36 more ... | "reports"): PostgrestQueryBuilder<...>', gave the following error.
    Argument of type '"subscriptions"' is not assignable to parameter of type '"progress" | "admins" | "banned_words" | "categories" | "chat_user_state" | "chats" | "consent_documents" | "countries" | "creditcard" | "culture_note" | "culture_note_contents" | ... 36 more ... | "reports"'.
  Overload 2 of 2, '(relation: "post_like_counts"): PostgrestQueryBuilder<{ PostgrestVersion: "13.0.4"; }, { Tables: Merge<{ admins: { Row: { created_at: string; user_id: string; }; Insert: { created_at?: string | undefined; user_id: string; }; Update: { ...; }; Relationships: []; }; ... 44 more ...; tts_cache: { ...; }; }, AugmentedTables>; Views: { ...; }; Functions: { ...; }; Enums: { ...; }; CompositeTypes: {}; }, { ...; }, "post_like_counts", [...]>', gave the following error.
    Argument of type '"subscriptions"' is not assignable to parameter of type '"post_like_counts"'.
src/pages/settings/SubscriptionCouponSettings.tsx(117,56): error TS2769: No overload matches this call.
  Overload 1 of 2, '(relation: "progress" | "admins" | "banned_words" | "categories" | "chat_user_state" | "chats" | "consent_documents" | "countries" | "creditcard" | "culture_note" | "culture_note_contents" | ... 36 more ... | "reports"): PostgrestQueryBuilder<...>', gave the following error.
    Argument of type '"coupon_usages"' is not assignable to parameter of type '"progress" | "admins" | "banned_words" | "categories" | "chat_user_state" | "chats" | "consent_documents" | "countries" | "creditcard" | "culture_note" | "culture_note_contents" | ... 36 more ... | "reports"'.
  Overload 2 of 2, '(relation: "post_like_counts"): PostgrestQueryBuilder<{ PostgrestVersion: "13.0.4"; }, { Tables: Merge<{ admins: { Row: { created_at: string; user_id: string; }; Insert: { created_at?: string | undefined; user_id: string; }; Update: { ...; }; Relationships: []; }; ... 44 more ...; tts_cache: { ...; }; }, AugmentedTables>; Views: { ...; }; Functions: { ...; }; Enums: { ...; }; CompositeTypes: {}; }, { ...; }, "post_like_counts", [...]>', gave the following error.
    Argument of type '"coupon_usages"' is not assignable to parameter of type '"post_like_counts"'.
src/pages/settings/SubscriptionCouponSettings.tsx(166,59): error TS2769: No overload matches this call.
  Overload 1 of 2, '(relation: "progress" | "admins" | "banned_words" | "categories" | "chat_user_state" | "chats" | "consent_documents" | "countries" | "creditcard" | "culture_note" | "culture_note_contents" | ... 36 more ... | "reports"): PostgrestQueryBuilder<...>', gave the following error.
    Argument of type '"coupons"' is not assignable to parameter of type '"progress" | "admins" | "banned_words" | "categories" | "chat_user_state" | "chats" | "consent_documents" | "countries" | "creditcard" | "culture_note" | "culture_note_contents" | ... 36 more ... | "reports"'.
  Overload 2 of 2, '(relation: "post_like_counts"): PostgrestQueryBuilder<{ PostgrestVersion: "13.0.4"; }, { Tables: Merge<{ admins: { Row: { created_at: string; user_id: string; }; Insert: { created_at?: string | undefined; user_id: string; }; Update: { ...; }; Relationships: []; }; ... 44 more ...; tts_cache: { ...; }; }, AugmentedTables>; Views: { ...; }; Functions: { ...; }; Enums: { ...; }; CompositeTypes: {}; }, { ...; }, "post_like_counts", [...]>', gave the following error.
    Argument of type '"coupons"' is not assignable to parameter of type '"post_like_counts"'.
src/pages/settings/SubscriptionCouponSettings.tsx(172,63): error TS2769: No overload matches this call.
  Overload 1 of 2, '(relation: "progress" | "admins" | "banned_words" | "categories" | "chat_user_state" | "chats" | "consent_documents" | "countries" | "creditcard" | "culture_note" | "culture_note_contents" | ... 36 more ... | "reports"): PostgrestQueryBuilder<...>', gave the following error.
    Argument of type '"coupon_usages"' is not assignable to parameter of type '"progress" | "admins" | "banned_words" | "categories" | "chat_user_state" | "chats" | "consent_documents" | "countries" | "creditcard" | "culture_note" | "culture_note_contents" | ... 36 more ... | "reports"'.
  Overload 2 of 2, '(relation: "post_like_counts"): PostgrestQueryBuilder<{ PostgrestVersion: "13.0.4"; }, { Tables: Merge<{ admins: { Row: { created_at: string; user_id: string; }; Insert: { created_at?: string | undefined; user_id: string; }; Update: { ...; }; Relationships: []; }; ... 44 more ...; tts_cache: { ...; }; }, AugmentedTables>; Views: { ...; }; Functions: { ...; }; Enums: { ...; }; CompositeTypes: {}; }, { ...; }, "post_like_counts", [...]>', gave the following error.
    Argument of type '"coupon_usages"' is not assignable to parameter of type '"post_like_counts"'.
src/pages/settings/SubscriptionCouponSettings.tsx(211,46): error TS2769: No overload matches this call.
  Overload 1 of 2, '(relation: "progress" | "admins" | "banned_words" | "categories" | "chat_user_state" | "chats" | "consent_documents" | "countries" | "creditcard" | "culture_note" | "culture_note_contents" | ... 36 more ... | "reports"): PostgrestQueryBuilder<...>', gave the following error.
    Argument of type '"subscriptions"' is not assignable to parameter of type '"progress" | "admins" | "banned_words" | "categories" | "chat_user_state" | "chats" | "consent_documents" | "countries" | "creditcard" | "culture_note" | "culture_note_contents" | ... 36 more ... | "reports"'.
  Overload 2 of 2, '(relation: "post_like_counts"): PostgrestQueryBuilder<{ PostgrestVersion: "13.0.4"; }, { Tables: Merge<{ admins: { Row: { created_at: string; user_id: string; }; Insert: { created_at?: string | undefined; user_id: string; }; Update: { ...; }; Relationships: []; }; ... 44 more ...; tts_cache: { ...; }; }, AugmentedTables>; Views: { ...; }; Functions: { ...; }; Enums: { ...; }; CompositeTypes: {}; }, { ...; }, "post_like_counts", [...]>', gave the following error.
    Argument of type '"subscriptions"' is not assignable to parameter of type '"post_like_counts"'.
src/pages/settings/SubscriptionCouponSettings.tsx(259,56): error TS2769: No overload matches this call.
  Overload 1 of 2, '(relation: "progress" | "admins" | "banned_words" | "categories" | "chat_user_state" | "chats" | "consent_documents" | "countries" | "creditcard" | "culture_note" | "culture_note_contents" | ... 36 more ... | "reports"): PostgrestQueryBuilder<...>', gave the following error.
    Argument of type '"promotions"' is not assignable to parameter of type '"progress" | "admins" | "banned_words" | "categories" | "chat_user_state" | "chats" | "consent_documents" | "countries" | "creditcard" | "culture_note" | "culture_note_contents" | ... 36 more ... | "reports"'.
  Overload 2 of 2, '(relation: "post_like_counts"): PostgrestQueryBuilder<{ PostgrestVersion: "13.0.4"; }, { Tables: Merge<{ admins: { Row: { created_at: string; user_id: string; }; Insert: { created_at?: string | undefined; user_id: string; }; Update: { ...; }; Relationships: []; }; ... 44 more ...; tts_cache: { ...; }; }, AugmentedTables>; Views: { ...; }; Functions: { ...; }; Enums: { ...; }; CompositeTypes: {}; }, { ...; }, "post_like_counts", [...]>', gave the following error.
    Argument of type '"promotions"' is not assignable to parameter of type '"post_like_counts"'.
src/pages/settings/SubscriptionCouponSettings.tsx(269,58): error TS2769: No overload matches this call.
  Overload 1 of 2, '(relation: "progress" | "admins" | "banned_words" | "categories" | "chat_user_state" | "chats" | "consent_documents" | "countries" | "creditcard" | "culture_note" | "culture_note_contents" | ... 36 more ... | "reports"): PostgrestQueryBuilder<...>', gave the following error.
    Argument of type '"coupons"' is not assignable to parameter of type '"progress" | "admins" | "banned_words" | "categories" | "chat_user_state" | "chats" | "consent_documents" | "countries" | "creditcard" | "culture_note" | "culture_note_contents" | ... 36 more ... | "reports"'.
  Overload 2 of 2, '(relation: "post_like_counts"): PostgrestQueryBuilder<{ PostgrestVersion: "13.0.4"; }, { Tables: Merge<{ admins: { Row: { created_at: string; user_id: string; }; Insert: { created_at?: string | undefined; user_id: string; }; Update: { ...; }; Relationships: []; }; ... 44 more ...; tts_cache: { ...; }; }, AugmentedTables>; Views: { ...; }; Functions: { ...; }; Enums: { ...; }; CompositeTypes: {}; }, { ...; }, "post_like_counts", [...]>', gave the following error.
    Argument of type '"coupons"' is not assignable to parameter of type '"post_like_counts"'.
src/pages/subscription/SubscriptionPage.tsx(120,46): error TS2769: No overload matches this call.
  Overload 1 of 2, '(relation: "progress" | "admins" | "banned_words" | "categories" | "chat_user_state" | "chats" | "consent_documents" | "countries" | "creditcard" | "culture_note" | "culture_note_contents" | ... 36 more ... | "reports"): PostgrestQueryBuilder<...>', gave the following error.
    Argument of type '"subscriptions"' is not assignable to parameter of type '"progress" | "admins" | "banned_words" | "categories" | "chat_user_state" | "chats" | "consent_documents" | "countries" | "creditcard" | "culture_note" | "culture_note_contents" | ... 36 more ... | "reports"'.
  Overload 2 of 2, '(relation: "post_like_counts"): PostgrestQueryBuilder<{ PostgrestVersion: "13.0.4"; }, { Tables: Merge<{ admins: { Row: { created_at: string; user_id: string; }; Insert: { created_at?: string | undefined; user_id: string; }; Update: { ...; }; Relationships: []; }; ... 44 more ...; tts_cache: { ...; }; }, AugmentedTables>; Views: { ...; }; Functions: { ...; }; Enums: { ...; }; CompositeTypes: {}; }, { ...; }, "post_like_counts", [...]>', gave the following error.
    Argument of type '"subscriptions"' is not assignable to parameter of type '"post_like_counts"'.
src/pages/subscription/SubscriptionPage.tsx(151,28): error TS2769: No overload matches this call.
  Overload 1 of 2, '(relation: "progress" | "admins" | "banned_words" | "categories" | "chat_user_state" | "chats" | "consent_documents" | "countries" | "creditcard" | "culture_note" | "culture_note_contents" | ... 36 more ... | "reports"): PostgrestQueryBuilder<...>', gave the following error.
    Argument of type '"subscriptions"' is not assignable to parameter of type '"progress" | "admins" | "banned_words" | "categories" | "chat_user_state" | "chats" | "consent_documents" | "countries" | "creditcard" | "culture_note" | "culture_note_contents" | ... 36 more ... | "reports"'.
  Overload 2 of 2, '(relation: "post_like_counts"): PostgrestQueryBuilder<{ PostgrestVersion: "13.0.4"; }, { Tables: Merge<{ admins: { Row: { created_at: string; user_id: string; }; Insert: { created_at?: string | undefined; user_id: string; }; Update: { ...; }; Relationships: []; }; ... 44 more ...; tts_cache: { ...; }; }, AugmentedTables>; Views: { ...; }; Functions: { ...; }; Enums: { ...; }; CompositeTypes: {}; }, { ...; }, "post_like_counts", [...]>', gave the following error.
    Argument of type '"subscriptions"' is not assignable to parameter of type '"post_like_counts"'.
src/pages/subscription/SubscriptionPage.tsx(160,56): error TS2769: No overload matches this call.
  Overload 1 of 2, '(relation: "progress" | "admins" | "banned_words" | "categories" | "chat_user_state" | "chats" | "consent_documents" | "countries" | "creditcard" | "culture_note" | "culture_note_contents" | ... 36 more ... | "reports"): PostgrestQueryBuilder<...>', gave the following error.
    Argument of type '"subscriptions"' is not assignable to parameter of type '"progress" | "admins" | "banned_words" | "categories" | "chat_user_state" | "chats" | "consent_documents" | "countries" | "creditcard" | "culture_note" | "culture_note_contents" | ... 36 more ... | "reports"'.
  Overload 2 of 2, '(relation: "post_like_counts"): PostgrestQueryBuilder<{ PostgrestVersion: "13.0.4"; }, { Tables: Merge<{ admins: { Row: { created_at: string; user_id: string; }; Insert: { created_at?: string | undefined; user_id: string; }; Update: { ...; }; Relationships: []; }; ... 44 more ...; tts_cache: { ...; }; }, AugmentedTables>; Views: { ...; }; Functions: { ...; }; Enums: { ...; }; CompositeTypes: {}; }, { ...; }, "post_like_counts", [...]>', gave the following error.
    Argument of type '"subscriptions"' is not assignable to parameter of type '"post_like_counts"'.
src/services/authService.ts(20,40): error TS2345: Argument of type '"ensure_app_user"' is not assignable to parameter of type '"caller_is_onboarded" | "create_or_update_profile_from_draft" | "create_or_update_profile_onboarding" | "email_exists" | "email_taken_by_email_provider" | "ensure_profile" | ... 15 more ... | "validate_nickname_policy"'.
src/services/chat/directChatService.ts(648,59): error TS2769: No overload matches this call.
  Overload 1 of 2, '(relation: "progress" | "admins" | "banned_words" | "categories" | "chat_user_state" | "chats" | "consent_documents" | "countries" | "creditcard" | "culture_note" | "culture_note_contents" | ... 36 more ... | "reports"): PostgrestQueryBuilder<...>', gave the following error.
    Argument of type '"direct_message_attachments"' is not assignable to parameter of type '"progress" | "admins" | "banned_words" | "categories" | "chat_user_state" | "chats" | "consent_documents" | "countries" | "creditcard" | "culture_note" | "culture_note_contents" | ... 36 more ... | "reports"'.
  Overload 2 of 2, '(relation: "post_like_counts"): PostgrestQueryBuilder<{ PostgrestVersion: "13.0.4"; }, { Tables: Merge<{ admins: { Row: { created_at: string; user_id: string; }; Insert: { created_at?: string | undefined; user_id: string; }; Update: { ...; }; Relationships: []; }; ... 44 more ...; tts_cache: { ...; }; }, AugmentedTables>; Views: { ...; }; Functions: { ...; }; Enums: { ...; }; CompositeTypes: {}; }, { ...; }, "post_like_counts", [...]>', gave the following error.
    Argument of type '"direct_message_attachments"' is not assignable to parameter of type '"post_like_counts"'.
src/services/chat/directChatService.ts(666,56): error TS2769: No overload matches this call.
  Overload 1 of 2, '(relation: "progress" | "admins" | "banned_words" | "categories" | "chat_user_state" | "chats" | "consent_documents" | "countries" | "creditcard" | "culture_note" | "culture_note_contents" | ... 36 more ... | "reports"): PostgrestQueryBuilder<...>', gave the following error.
    Argument of type '"direct_message_attachments"' is not assignable to parameter of type '"progress" | "admins" | "banned_words" | "categories" | "chat_user_state" | "chats" | "consent_documents" | "countries" | "creditcard" | "culture_note" | "culture_note_contents" | ... 36 more ... | "reports"'.
  Overload 2 of 2, '(relation: "post_like_counts"): PostgrestQueryBuilder<{ PostgrestVersion: "13.0.4"; }, { Tables: Merge<{ admins: { Row: { created_at: string; user_id: string; }; Insert: { created_at?: string | undefined; user_id: string; }; Update: { ...; }; Relationships: []; }; ... 44 more ...; tts_cache: { ...; }; }, AugmentedTables>; Views: { ...; }; Functions: { ...; }; Enums: { ...; }; CompositeTypes: {}; }, { ...; }, "post_like_counts", [...]>', gave the following error.
    Argument of type '"direct_message_attachments"' is not assignable to parameter of type '"post_like_counts"'.
src/services/goodsService.ts(57,36): error TS2769: No overload matches this call.
  Overload 1 of 2, '(relation: "progress" | "admins" | "banned_words" | "categories" | "chat_user_state" | "chats" | "consent_documents" | "countries" | "creditcard" | "culture_note" | "culture_note_contents" | ... 36 more ... | "reports"): PostgrestQueryBuilder<...>', gave the following error.
    Argument of type '"products"' is not assignable to parameter of type '"progress" | "admins" | "banned_words" | "categories" | "chat_user_state" | "chats" | "consent_documents" | "countries" | "creditcard" | "culture_note" | "culture_note_contents" | ... 36 more ... | "reports"'.
  Overload 2 of 2, '(relation: "post_like_counts"): PostgrestQueryBuilder<{ PostgrestVersion: "13.0.4"; }, { Tables: Merge<{ admins: { Row: { created_at: string; user_id: string; }; Insert: { created_at?: string | undefined; user_id: string; }; Update: { ...; }; Relationships: []; }; ... 44 more ...; tts_cache: { ...; }; }, AugmentedTables>; Views: { ...; }; Functions: { ...; }; Enums: { ...; }; CompositeTypes: {}; }, { ...; }, "post_like_counts", [...]>', gave the following error.
    Argument of type '"products"' is not assignable to parameter of type '"post_like_counts"'.
src/services/goodsService.ts(79,71): error TS2769: No overload matches this call.
  Overload 1 of 2, '(relation: "progress" | "admins" | "banned_words" | "categories" | "chat_user_state" | "chats" | "consent_documents" | "countries" | "creditcard" | "culture_note" | "culture_note_contents" | ... 36 more ... | "reports"): PostgrestQueryBuilder<...>', gave the following error.
    Argument of type '"products"' is not assignable to parameter of type '"progress" | "admins" | "banned_words" | "categories" | "chat_user_state" | "chats" | "consent_documents" | "countries" | "creditcard" | "culture_note" | "culture_note_contents" | ... 36 more ... | "reports"'.
  Overload 2 of 2, '(relation: "post_like_counts"): PostgrestQueryBuilder<{ PostgrestVersion: "13.0.4"; }, { Tables: Merge<{ admins: { Row: { created_at: string; user_id: string; }; Insert: { created_at?: string | undefined; user_id: string; }; Update: { ...; }; Relationships: []; }; ... 44 more ...; tts_cache: { ...; }; }, AugmentedTables>; Views: { ...; }; Functions: { ...; }; Enums: { ...; }; CompositeTypes: {}; }, { ...; }, "post_like_counts", [...]>', gave the following error.
    Argument of type '"products"' is not assignable to parameter of type '"post_like_counts"'.
src/services/goodsService.ts(87,71): error TS2769: No overload matches this call.
  Overload 1 of 2, '(relation: "progress" | "admins" | "banned_words" | "categories" | "chat_user_state" | "chats" | "consent_documents" | "countries" | "creditcard" | "culture_note" | "culture_note_contents" | ... 36 more ... | "reports"): PostgrestQueryBuilder<...>', gave the following error.
    Argument of type '"product_options"' is not assignable to parameter of type '"progress" | "admins" | "banned_words" | "categories" | "chat_user_state" | "chats" | "consent_documents" | "countries" | "creditcard" | "culture_note" | "culture_note_contents" | ... 36 more ... | "reports"'.
  Overload 2 of 2, '(relation: "post_like_counts"): PostgrestQueryBuilder<{ PostgrestVersion: "13.0.4"; }, { Tables: Merge<{ admins: { Row: { created_at: string; user_id: string; }; Insert: { created_at?: string | undefined; user_id: string; }; Update: { ...; }; Relationships: []; }; ... 44 more ...; tts_cache: { ...; }; }, AugmentedTables>; Views: { ...; }; Functions: { ...; }; Enums: { ...; }; CompositeTypes: {}; }, { ...; }, "post_like_counts", [...]>', gave the following error.
    Argument of type '"product_options"' is not assignable to parameter of type '"post_like_counts"'.
src/services/goodsService.ts(93,72): error TS2769: No overload matches this call.
  Overload 1 of 2, '(relation: "progress" | "admins" | "banned_words" | "categories" | "chat_user_state" | "chats" | "consent_documents" | "countries" | "creditcard" | "culture_note" | "culture_note_contents" | ... 36 more ... | "reports"): PostgrestQueryBuilder<...>', gave the following error.
    Argument of type '"product_variants"' is not assignable to parameter of type '"progress" | "admins" | "banned_words" | "categories" | "chat_user_state" | "chats" | "consent_documents" | "countries" | "creditcard" | "culture_note" | "culture_note_contents" | ... 36 more ... | "reports"'.
  Overload 2 of 2, '(relation: "post_like_counts"): PostgrestQueryBuilder<{ PostgrestVersion: "13.0.4"; }, { Tables: Merge<{ admins: { Row: { created_at: string; user_id: string; }; Insert: { created_at?: string | undefined; user_id: string; }; Update: { ...; }; Relationships: []; }; ... 44 more ...; tts_cache: { ...; }; }, AugmentedTables>; Views: { ...; }; Functions: { ...; }; Enums: { ...; }; CompositeTypes: {}; }, { ...; }, "post_like_counts", [...]>', gave the following error.
    Argument of type '"product_variants"' is not assignable to parameter of type '"post_like_counts"'.
src/services/goodsService.ts(116,19): error TS2769: No overload matches this call.
  Overload 1 of 2, '(relation: "progress" | "admins" | "banned_words" | "categories" | "chat_user_state" | "chats" | "consent_documents" | "countries" | "creditcard" | "culture_note" | "culture_note_contents" | ... 36 more ... | "reports"): PostgrestQueryBuilder<...>', gave the following error.
    Argument of type '"products"' is not assignable to parameter of type '"progress" | "admins" | "banned_words" | "categories" | "chat_user_state" | "chats" | "consent_documents" | "countries" | "creditcard" | "culture_note" | "culture_note_contents" | ... 36 more ... | "reports"'.
  Overload 2 of 2, '(relation: "post_like_counts"): PostgrestQueryBuilder<{ PostgrestVersion: "13.0.4"; }, { Tables: Merge<{ admins: { Row: { created_at: string; user_id: string; }; Insert: { created_at?: string | undefined; user_id: string; }; Update: { ...; }; Relationships: []; }; ... 44 more ...; tts_cache: { ...; }; }, AugmentedTables>; Views: { ...; }; Functions: { ...; }; Enums: { ...; }; CompositeTypes: {}; }, { ...; }, "post_like_counts", [...]>', gave the following error.
    Argument of type '"products"' is not assignable to parameter of type '"post_like_counts"'.
src/services/goodsService.ts(125,34): error TS2769: No overload matches this call.
  Overload 1 of 2, '(relation: "progress" | "admins" | "banned_words" | "categories" | "chat_user_state" | "chats" | "consent_documents" | "countries" | "creditcard" | "culture_note" | "culture_note_contents" | ... 36 more ... | "reports"): PostgrestQueryBuilder<...>', gave the following error.
    Argument of type '"product_options"' is not assignable to parameter of type '"progress" | "admins" | "banned_words" | "categories" | "chat_user_state" | "chats" | "consent_documents" | "countries" | "creditcard" | "culture_note" | "culture_note_contents" | ... 36 more ... | "reports"'.
  Overload 2 of 2, '(relation: "post_like_counts"): PostgrestQueryBuilder<{ PostgrestVersion: "13.0.4"; }, { Tables: Merge<{ admins: { Row: { created_at: string; user_id: string; }; Insert: { created_at?: string | undefined; user_id: string; }; Update: { ...; }; Relationships: []; }; ... 44 more ...; tts_cache: { ...; }; }, AugmentedTables>; Views: { ...; }; Functions: { ...; }; Enums: { ...; }; CompositeTypes: {}; }, { ...; }, "post_like_counts", [...]>', gave the following error.
    Argument of type '"product_options"' is not assignable to parameter of type '"post_like_counts"'.
src/services/goodsService.ts(133,60): error TS2769: No overload matches this call.
  Overload 1 of 2, '(relation: "progress" | "admins" | "banned_words" | "categories" | "chat_user_state" | "chats" | "consent_documents" | "countries" | "creditcard" | "culture_note" | "culture_note_contents" | ... 36 more ... | "reports"): PostgrestQueryBuilder<...>', gave the following error.
    Argument of type '"product_options"' is not assignable to parameter of type '"progress" | "admins" | "banned_words" | "categories" | "chat_user_state" | "chats" | "consent_documents" | "countries" | "creditcard" | "culture_note" | "culture_note_contents" | ... 36 more ... | "reports"'.
  Overload 2 of 2, '(relation: "post_like_counts"): PostgrestQueryBuilder<{ PostgrestVersion: "13.0.4"; }, { Tables: Merge<{ admins: { Row: { created_at: string; user_id: string; }; Insert: { created_at?: string | undefined; user_id: string; }; Update: { ...; }; Relationships: []; }; ... 44 more ...; tts_cache: { ...; }; }, AugmentedTables>; Views: { ...; }; Functions: { ...; }; Enums: { ...; }; CompositeTypes: {}; }, { ...; }, "post_like_counts", [...]>', gave the following error.
    Argument of type '"product_options"' is not assignable to parameter of type '"post_like_counts"'.
src/services/goodsService.ts(139,34): error TS2769: No overload matches this call.
  Overload 1 of 2, '(relation: "progress" | "admins" | "banned_words" | "categories" | "chat_user_state" | "chats" | "consent_documents" | "countries" | "creditcard" | "culture_note" | "culture_note_contents" | ... 36 more ... | "reports"): PostgrestQueryBuilder<...>', gave the following error.
    Argument of type '"product_variants"' is not assignable to parameter of type '"progress" | "admins" | "banned_words" | "categories" | "chat_user_state" | "chats" | "consent_documents" | "countries" | "creditcard" | "culture_note" | "culture_note_contents" | ... 36 more ... | "reports"'.
  Overload 2 of 2, '(relation: "post_like_counts"): PostgrestQueryBuilder<{ PostgrestVersion: "13.0.4"; }, { Tables: Merge<{ admins: { Row: { created_at: string; user_id: string; }; Insert: { created_at?: string | undefined; user_id: string; }; Update: { ...; }; Relationships: []; }; ... 44 more ...; tts_cache: { ...; }; }, AugmentedTables>; Views: { ...; }; Functions: { ...; }; Enums: { ...; }; CompositeTypes: {}; }, { ...; }, "post_like_counts", [...]>', gave the following error.
    Argument of type '"product_variants"' is not assignable to parameter of type '"post_like_counts"'.
src/services/goodsService.ts(149,60): error TS2769: No overload matches this call.
  Overload 1 of 2, '(relation: "progress" | "admins" | "banned_words" | "categories" | "chat_user_state" | "chats" | "consent_documents" | "countries" | "creditcard" | "culture_note" | "culture_note_contents" | ... 36 more ... | "reports"): PostgrestQueryBuilder<...>', gave the following error.
    Argument of type '"product_variants"' is not assignable to parameter of type '"progress" | "admins" | "banned_words" | "categories" | "chat_user_state" | "chats" | "consent_documents" | "countries" | "creditcard" | "culture_note" | "culture_note_contents" | ... 36 more ... | "reports"'.
  Overload 2 of 2, '(relation: "post_like_counts"): PostgrestQueryBuilder<{ PostgrestVersion: "13.0.4"; }, { Tables: Merge<{ admins: { Row: { created_at: string; user_id: string; }; Insert: { created_at?: string | undefined; user_id: string; }; Update: { ...; }; Relationships: []; }; ... 44 more ...; tts_cache: { ...; }; }, AugmentedTables>; Views: { ...; }; Functions: { ...; }; Enums: { ...; }; CompositeTypes: {}; }, { ...; }, "post_like_counts", [...]>', gave the following error.
    Argument of type '"product_variants"' is not assignable to parameter of type '"post_like_counts"'.
src/services/goodsService.ts(159,19): error TS2769: No overload matches this call.
  Overload 1 of 2, '(relation: "progress" | "admins" | "banned_words" | "categories" | "chat_user_state" | "chats" | "consent_documents" | "countries" | "creditcard" | "culture_note" | "culture_note_contents" | ... 36 more ... | "reports"): PostgrestQueryBuilder<...>', gave the following error.
    Argument of type '"products"' is not assignable to parameter of type '"progress" | "admins" | "banned_words" | "categories" | "chat_user_state" | "chats" | "consent_documents" | "countries" | "creditcard" | "culture_note" | "culture_note_contents" | ... 36 more ... | "reports"'.
  Overload 2 of 2, '(relation: "post_like_counts"): PostgrestQueryBuilder<{ PostgrestVersion: "13.0.4"; }, { Tables: Merge<{ admins: { Row: { created_at: string; user_id: string; }; Insert: { created_at?: string | undefined; user_id: string; }; Update: { ...; }; Relationships: []; }; ... 44 more ...; tts_cache: { ...; }; }, AugmentedTables>; Views: { ...; }; Functions: { ...; }; Enums: { ...; }; CompositeTypes: {}; }, { ...; }, "post_like_counts", [...]>', gave the following error.
    Argument of type '"products"' is not assignable to parameter of type '"post_like_counts"'.
src/services/goodsService.ts(171,48): error TS2769: No overload matches this call.
  Overload 1 of 2, '(relation: "progress" | "admins" | "banned_words" | "categories" | "chat_user_state" | "chats" | "consent_documents" | "countries" | "creditcard" | "culture_note" | "culture_note_contents" | ... 36 more ... | "reports"): PostgrestQueryBuilder<...>', gave the following error.
    Argument of type '"products"' is not assignable to parameter of type '"progress" | "admins" | "banned_words" | "categories" | "chat_user_state" | "chats" | "consent_documents" | "countries" | "creditcard" | "culture_note" | "culture_note_contents" | ... 36 more ... | "reports"'.
  Overload 2 of 2, '(relation: "post_like_counts"): PostgrestQueryBuilder<{ PostgrestVersion: "13.0.4"; }, { Tables: Merge<{ admins: { Row: { created_at: string; user_id: string; }; Insert: { created_at?: string | undefined; user_id: string; }; Update: { ...; }; Relationships: []; }; ... 44 more ...; tts_cache: { ...; }; }, AugmentedTables>; Views: { ...; }; Functions: { ...; }; Enums: { ...; }; CompositeTypes: {}; }, { ...; }, "post_like_counts", [...]>', gave the following error.
    Argument of type '"products"' is not assignable to parameter of type '"post_like_counts"'.
src/services/goodsService.ts(194,36): error TS2769: No overload matches this call.
  Overload 1 of 2, '(relation: "progress" | "admins" | "banned_words" | "categories" | "chat_user_state" | "chats" | "consent_documents" | "countries" | "creditcard" | "culture_note" | "culture_note_contents" | ... 36 more ... | "reports"): PostgrestQueryBuilder<...>', gave the following error.
    Argument of type '"product_reviews"' is not assignable to parameter of type '"progress" | "admins" | "banned_words" | "categories" | "chat_user_state" | "chats" | "consent_documents" | "countries" | "creditcard" | "culture_note" | "culture_note_contents" | ... 36 more ... | "reports"'.
  Overload 2 of 2, '(relation: "post_like_counts"): PostgrestQueryBuilder<{ PostgrestVersion: "13.0.4"; }, { Tables: Merge<{ admins: { Row: { created_at: string; user_id: string; }; Insert: { created_at?: string | undefined; user_id: string; }; Update: { ...; }; Relationships: []; }; ... 44 more ...; tts_cache: { ...; }; }, AugmentedTables>; Views: { ...; }; Functions: { ...; }; Enums: { ...; }; CompositeTypes: {}; }, { ...; }, "post_like_counts", [...]>', gave the following error.
    Argument of type '"product_reviews"' is not assignable to parameter of type '"post_like_counts"'.
src/services/goodsService.ts(220,19): error TS2769: No overload matches this call.
  Overload 1 of 2, '(relation: "progress" | "admins" | "banned_words" | "categories" | "chat_user_state" | "chats" | "consent_documents" | "countries" | "creditcard" | "culture_note" | "culture_note_contents" | ... 36 more ... | "reports"): PostgrestQueryBuilder<...>', gave the following error.
    Argument of type '"product_reviews"' is not assignable to parameter of type '"progress" | "admins" | "banned_words" | "categories" | "chat_user_state" | "chats" | "consent_documents" | "countries" | "creditcard" | "culture_note" | "culture_note_contents" | ... 36 more ... | "reports"'.
  Overload 2 of 2, '(relation: "post_like_counts"): PostgrestQueryBuilder<{ PostgrestVersion: "13.0.4"; }, { Tables: Merge<{ admins: { Row: { created_at: string; user_id: string; }; Insert: { created_at?: string | undefined; user_id: string; }; Update: { ...; }; Relationships: []; }; ... 44 more ...; tts_cache: { ...; }; }, AugmentedTables>; Views: { ...; }; Functions: { ...; }; Enums: { ...; }; CompositeTypes: {}; }, { ...; }, "post_like_counts", [...]>', gave the following error.
    Argument of type '"product_reviews"' is not assignable to parameter of type '"post_like_counts"'.
src/services/goodsService.ts(231,54): error TS2769: No overload matches this call.
  Overload 1 of 2, '(relation: "progress" | "admins" | "banned_words" | "categories" | "chat_user_state" | "chats" | "consent_documents" | "countries" | "creditcard" | "culture_note" | "culture_note_contents" | ... 36 more ... | "reports"): PostgrestQueryBuilder<...>', gave the following error.
    Argument of type '"products"' is not assignable to parameter of type '"progress" | "admins" | "banned_words" | "categories" | "chat_user_state" | "chats" | "consent_documents" | "countries" | "creditcard" | "culture_note" | "culture_note_contents" | ... 36 more ... | "reports"'.
  Overload 2 of 2, '(relation: "post_like_counts"): PostgrestQueryBuilder<{ PostgrestVersion: "13.0.4"; }, { Tables: Merge<{ admins: { Row: { created_at: string; user_id: string; }; Insert: { created_at?: string | undefined; user_id: string; }; Update: { ...; }; Relationships: []; }; ... 44 more ...; tts_cache: { ...; }; }, AugmentedTables>; Views: { ...; }; Functions: { ...; }; Enums: { ...; }; CompositeTypes: {}; }, { ...; }, "post_like_counts", [...]>', gave the following error.
    Argument of type '"products"' is not assignable to parameter of type '"post_like_counts"'.
src/services/goodsService.ts(245,54): error TS2769: No overload matches this call.
  Overload 1 of 2, '(relation: "progress" | "admins" | "banned_words" | "categories" | "chat_user_state" | "chats" | "consent_documents" | "countries" | "creditcard" | "culture_note" | "culture_note_contents" | ... 36 more ... | "reports"): PostgrestQueryBuilder<...>', gave the following error.
    Argument of type '"orders"' is not assignable to parameter of type '"progress" | "admins" | "banned_words" | "categories" | "chat_user_state" | "chats" | "consent_documents" | "countries" | "creditcard" | "culture_note" | "culture_note_contents" | ... 36 more ... | "reports"'.
  Overload 2 of 2, '(relation: "post_like_counts"): PostgrestQueryBuilder<{ PostgrestVersion: "13.0.4"; }, { Tables: Merge<{ admins: { Row: { created_at: string; user_id: string; }; Insert: { created_at?: string | undefined; user_id: string; }; Update: { ...; }; Relationships: []; }; ... 44 more ...; tts_cache: { ...; }; }, AugmentedTables>; Views: { ...; }; Functions: { ...; }; Enums: { ...; }; CompositeTypes: {}; }, { ...; }, "post_like_counts", [...]>', gave the following error.
    Argument of type '"orders"' is not assignable to parameter of type '"post_like_counts"'.
src/services/goodsService.ts(265,76): error TS2769: No overload matches this call.
  Overload 1 of 2, '(relation: "progress" | "admins" | "banned_words" | "categories" | "chat_user_state" | "chats" | "consent_documents" | "countries" | "creditcard" | "culture_note" | "culture_note_contents" | ... 36 more ... | "reports"): PostgrestQueryBuilder<...>', gave the following error.
    Argument of type '"product_review_likes"' is not assignable to parameter of type '"progress" | "admins" | "banned_words" | "categories" | "chat_user_state" | "chats" | "consent_documents" | "countries" | "creditcard" | "culture_note" | "culture_note_contents" | ... 36 more ... | "reports"'.
  Overload 2 of 2, '(relation: "post_like_counts"): PostgrestQueryBuilder<{ PostgrestVersion: "13.0.4"; }, { Tables: Merge<{ admins: { Row: { created_at: string; user_id: string; }; Insert: { created_at?: string | undefined; user_id: string; }; Update: { ...; }; Relationships: []; }; ... 44 more ...; tts_cache: { ...; }; }, AugmentedTables>; Views: { ...; }; Functions: { ...; }; Enums: { ...; }; CompositeTypes: {}; }, { ...; }, "post_like_counts", [...]>', gave the following error.
    Argument of type '"product_review_likes"' is not assignable to parameter of type '"post_like_counts"'.
src/services/goodsService.ts(276,23): error TS2769: No overload matches this call.
  Overload 1 of 2, '(relation: "progress" | "admins" | "banned_words" | "categories" | "chat_user_state" | "chats" | "consent_documents" | "countries" | "creditcard" | "culture_note" | "culture_note_contents" | ... 36 more ... | "reports"): PostgrestQueryBuilder<...>', gave the following error.
    Argument of type '"product_review_likes"' is not assignable to parameter of type '"progress" | "admins" | "banned_words" | "categories" | "chat_user_state" | "chats" | "consent_documents" | "countries" | "creditcard" | "culture_note" | "culture_note_contents" | ... 36 more ... | "reports"'.
  Overload 2 of 2, '(relation: "post_like_counts"): PostgrestQueryBuilder<{ PostgrestVersion: "13.0.4"; }, { Tables: Merge<{ admins: { Row: { created_at: string; user_id: string; }; Insert: { created_at?: string | undefined; user_id: string; }; Update: { ...; }; Relationships: []; }; ... 44 more ...; tts_cache: { ...; }; }, AugmentedTables>; Views: { ...; }; Functions: { ...; }; Enums: { ...; }; CompositeTypes: {}; }, { ...; }, "post_like_counts", [...]>', gave the following error.
    Argument of type '"product_review_likes"' is not assignable to parameter of type '"post_like_counts"'.
src/services/goodsService.ts(284,23): error TS2769: No overload matches this call.
  Overload 1 of 2, '(relation: "progress" | "admins" | "banned_words" | "categories" | "chat_user_state" | "chats" | "consent_documents" | "countries" | "creditcard" | "culture_note" | "culture_note_contents" | ... 36 more ... | "reports"): PostgrestQueryBuilder<...>', gave the following error.
    Argument of type '"product_review_likes"' is not assignable to parameter of type '"progress" | "admins" | "banned_words" | "categories" | "chat_user_state" | "chats" | "consent_documents" | "countries" | "creditcard" | "culture_note" | "culture_note_contents" | ... 36 more ... | "reports"'.
  Overload 2 of 2, '(relation: "post_like_counts"): PostgrestQueryBuilder<{ PostgrestVersion: "13.0.4"; }, { Tables: Merge<{ admins: { Row: { created_at: string; user_id: string; }; Insert: { created_at?: string | undefined; user_id: string; }; Update: { ...; }; Relationships: []; }; ... 44 more ...; tts_cache: { ...; }; }, AugmentedTables>; Views: { ...; }; Functions: { ...; }; Enums: { ...; }; CompositeTypes: {}; }, { ...; }, "post_like_counts", [...]>', gave the following error.
    Argument of type '"product_review_likes"' is not assignable to parameter of type '"post_like_counts"'.
src/services/goodsService.ts(294,19): error TS2769: No overload matches this call.
  Overload 1 of 2, '(relation: "progress" | "admins" | "banned_words" | "categories" | "chat_user_state" | "chats" | "consent_documents" | "countries" | "creditcard" | "culture_note" | "culture_note_contents" | ... 36 more ... | "reports"): PostgrestQueryBuilder<...>', gave the following error.
    Argument of type '"product_review_likes"' is not assignable to parameter of type '"progress" | "admins" | "banned_words" | "categories" | "chat_user_state" | "chats" | "consent_documents" | "countries" | "creditcard" | "culture_note" | "culture_note_contents" | ... 36 more ... | "reports"'.
  Overload 2 of 2, '(relation: "post_like_counts"): PostgrestQueryBuilder<{ PostgrestVersion: "13.0.4"; }, { Tables: Merge<{ admins: { Row: { created_at: string; user_id: string; }; Insert: { created_at?: string | undefined; user_id: string; }; Update: { ...; }; Relationships: []; }; ... 44 more ...; tts_cache: { ...; }; }, AugmentedTables>; Views: { ...; }; Functions: { ...; }; Enums: { ...; }; CompositeTypes: {}; }, { ...; }, "post_like_counts", [...]>', gave the following error.
    Argument of type '"product_review_likes"' is not assignable to parameter of type '"post_like_counts"'.
src/services/PaymentService.ts(50,15): error TS2769: No overload matches this call.
  Overload 1 of 2, '(relation: "progress" | "admins" | "banned_words" | "categories" | "chat_user_state" | "chats" | "consent_documents" | "countries" | "creditcard" | "culture_note" | "culture_note_contents" | ... 36 more ... | "reports"): PostgrestQueryBuilder<...>', gave the following error.
    Argument of type '"payments"' is not assignable to parameter of type '"progress" | "admins" | "banned_words" | "categories" | "chat_user_state" | "chats" | "consent_documents" | "countries" | "creditcard" | "culture_note" | "culture_note_contents" | ... 36 more ... | "reports"'.
  Overload 2 of 2, '(relation: "post_like_counts"): PostgrestQueryBuilder<{ PostgrestVersion: "13.0.4"; }, { Tables: Merge<{ admins: { Row: { created_at: string; user_id: string; }; Insert: { created_at?: string | undefined; user_id: string; }; Update: { ...; }; Relationships: []; }; ... 44 more ...; tts_cache: { ...; }; }, AugmentedTables>; Views: { ...; }; Functions: { ...; }; Enums: { ...; }; CompositeTypes: {}; }, { ...; }, "post_like_counts", [...]>', gave the following error.
    Argument of type '"payments"' is not assignable to parameter of type '"post_like_counts"'.
src/services/PaymentService.ts(73,17): error TS2769: No overload matches this call.
  Overload 1 of 2, '(relation: "progress" | "admins" | "banned_words" | "categories" | "chat_user_state" | "chats" | "consent_documents" | "countries" | "creditcard" | "culture_note" | "culture_note_contents" | ... 36 more ... | "reports"): PostgrestQueryBuilder<...>', gave the following error.
    Argument of type '"coupon_usages"' is not assignable to parameter of type '"progress" | "admins" | "banned_words" | "categories" | "chat_user_state" | "chats" | "consent_documents" | "countries" | "creditcard" | "culture_note" | "culture_note_contents" | ... 36 more ... | "reports"'.
  Overload 2 of 2, '(relation: "post_like_counts"): PostgrestQueryBuilder<{ PostgrestVersion: "13.0.4"; }, { Tables: Merge<{ admins: { Row: { created_at: string; user_id: string; }; Insert: { created_at?: string | undefined; user_id: string; }; Update: { ...; }; Relationships: []; }; ... 44 more ...; tts_cache: { ...; }; }, AugmentedTables>; Views: { ...; }; Functions: { ...; }; Enums: { ...; }; CompositeTypes: {}; }, { ...; }, "post_like_counts", [...]>', gave the following error.
    Argument of type '"coupon_usages"' is not assignable to parameter of type '"post_like_counts"'.
src/services/PaymentService.ts(94,14): error TS2769: No overload matches this call.
  Overload 1 of 2, '(relation: "progress" | "admins" | "banned_words" | "categories" | "chat_user_state" | "chats" | "consent_documents" | "countries" | "creditcard" | "culture_note" | "culture_note_contents" | ... 36 more ... | "reports"): PostgrestQueryBuilder<...>', gave the following error.
    Argument of type '"subscriptions"' is not assignable to parameter of type '"progress" | "admins" | "banned_words" | "categories" | "chat_user_state" | "chats" | "consent_documents" | "countries" | "creditcard" | "culture_note" | "culture_note_contents" | ... 36 more ... | "reports"'.
  Overload 2 of 2, '(relation: "post_like_counts"): PostgrestQueryBuilder<{ PostgrestVersion: "13.0.4"; }, { Tables: Merge<{ admins: { Row: { created_at: string; user_id: string; }; Insert: { created_at?: string | undefined; user_id: string; }; Update: { ...; }; Relationships: []; }; ... 44 more ...; tts_cache: { ...; }; }, AugmentedTables>; Views: { ...; }; Functions: { ...; }; Enums: { ...; }; CompositeTypes: {}; }, { ...; }, "post_like_counts", [...]>', gave the following error.
    Argument of type '"subscriptions"' is not assignable to parameter of type '"post_like_counts"'.
